ARM Linker, 5.03 [Build 24] [MDK-ARM Lite]

==============================================================================

Section Cross References

    main.o(.text) refers to delay.o(.text) for delay_init
    main.o(.text) refers to sys.o(.text) for NVIC_Configuration
    main.o(.text) refers to usart.o(.text) for uart_init
    main.o(.text) refers to led.o(.text) for LED_Init
    main.o(.text) refers to lcd.o(.text) for init_12864
    main.o(.text) refers to adc.o(.text) for Adc_Init
    main.o(.text) refers to timer.o(.text) for TIM3_Int_Init
    main.o(.text) refers to key.o(.text) for KEY_Init
    main.o(.text) refers to voice.o(.text) for voice_IOint
    main.o(.text) refers to ds18b20.o(.text) for DS18B20_Init
    main.o(.text) refers to dht11.o(.text) for DHT11_Init
    main.o(.text) refers to ffixu.o(x$fpl$ffixu) for __aeabi_f2uiz
    main.o(.text) refers to main.o(.data) for temp1
    system_stm32f10x.o(.text) refers to system_stm32f10x.o(.data) for SystemCoreClock
    led.o(.text) refers to stm32f10x_rcc.o(.text) for RCC_APB2PeriphClockCmd
    led.o(.text) refers to stm32f10x_gpio.o(.text) for GPIO_Init
    key.o(.text) refers to _printf_percent.o(.ARM.Collect$$_printf_percent$$00000000) for _printf_percent
    key.o(.text) refers to _printf_d.o(.ARM.Collect$$_printf_percent$$00000009) for _printf_d
    key.o(.text) refers to _printf_dec.o(.text) for _printf_int_dec
    key.o(.text) refers to stm32f10x_rcc.o(.text) for RCC_APB2PeriphClockCmd
    key.o(.text) refers to stm32f10x_gpio.o(.text) for GPIO_Init
    key.o(.text) refers to lcd.o(.text) for display12864_string
    key.o(.text) refers to delay.o(.text) for delay_ms
    key.o(.text) refers to key.o(.data) for times
    key.o(.text) refers to key.o(.bss) for key
    key.o(.text) refers to fflt_clz.o(x$fpl$fflt) for __aeabi_i2f
    key.o(.text) refers to noretval__2printf.o(.text) for __2printf
    key.o(.text) refers to main.o(.data) for adcx1
    key.o(.text) refers to usart.o(.data) for Res
    lcd.o(.text) refers to stm32f10x_gpio.o(.text) for GPIO_SetBits
    lcd.o(.text) refers to delay.o(.text) for delay_ms
    lcd.o(.text) refers to fmul.o(x$fpl$fmul) for __aeabi_fmul
    lcd.o(.text) refers to ffix.o(x$fpl$ffix) for __aeabi_f2iz
    dht11.o(.text) refers to delay.o(.text) for delay_ms
    dht11.o(.text) refers to stm32f10x_rcc.o(.text) for RCC_APB2PeriphClockCmd
    dht11.o(.text) refers to stm32f10x_gpio.o(.text) for GPIO_Init
    adc.o(.text) refers to stm32f10x_rcc.o(.text) for RCC_APB2PeriphClockCmd
    adc.o(.text) refers to stm32f10x_gpio.o(.text) for GPIO_Init
    adc.o(.text) refers to stm32f10x_adc.o(.text) for ADC_DeInit
    adc.o(.text) refers to delay.o(.text) for delay_ms
    timer.o(.text) refers to stm32f10x_rcc.o(.text) for RCC_APB1PeriphClockCmd
    timer.o(.text) refers to stm32f10x_tim.o(.text) for TIM_TimeBaseInit
    timer.o(.text) refers to misc.o(.text) for NVIC_Init
    timer.o(.text) refers to feqf.o(x$fpl$feqf) for __aeabi_cfcmpeq
    timer.o(.text) refers to dht11.o(.text) for DHT11_Read_Data
    timer.o(.text) refers to ds18b20.o(.text) for DS18B20_Get_Temp
    timer.o(.text) refers to adc.o(.text) for Get_Adc_Average
    timer.o(.text) refers to dflt_clz.o(x$fpl$dfltu) for __aeabi_ui2d
    timer.o(.text) refers to dmul.o(x$fpl$dmul) for __aeabi_dmul
    timer.o(.text) refers to d2f.o(x$fpl$d2f) for __aeabi_d2f
    timer.o(.text) refers to timer.o(.data) for ms10
    timer.o(.text) refers to main.o(.data) for temp1
    voice.o(.text) refers to stm32f10x_rcc.o(.text) for RCC_APB2PeriphClockCmd
    voice.o(.text) refers to stm32f10x_gpio.o(.text) for GPIO_Init
    voice.o(.text) refers to delay.o(.text) for delay_ms
    voice.o(.text) refers to led.o(.text) for five
    voice.o(.text) refers to main.o(.data) for temperature
    voice.o(.text) refers to key.o(.data) for temperature_0
    ds18b20.o(.text) refers to delay.o(.text) for delay_us
    ds18b20.o(.text) refers to stm32f10x_rcc.o(.text) for RCC_APB2PeriphClockCmd
    ds18b20.o(.text) refers to stm32f10x_gpio.o(.text) for GPIO_Init
    ds18b20.o(.text) refers to fflt_clz.o(x$fpl$fflt) for __aeabi_i2f
    ds18b20.o(.text) refers to f2d.o(x$fpl$f2d) for __aeabi_f2d
    ds18b20.o(.text) refers to dmul.o(x$fpl$dmul) for __aeabi_dmul
    ds18b20.o(.text) refers to dfix.o(x$fpl$dfix) for __aeabi_d2iz
    pid.o(.text) refers to fflt_clz.o(x$fpl$fflt) for __aeabi_i2f
    pid.o(.text) refers to faddsub_clz.o(x$fpl$fsub) for __aeabi_fsub
    pid.o(.text) refers to fmul.o(x$fpl$fmul) for __aeabi_fmul
    pid.o(.text) refers to faddsub_clz.o(x$fpl$frsb) for __aeabi_frsub
    pid.o(.text) refers to faddsub_clz.o(x$fpl$fadd) for __aeabi_fadd
    pid.o(.text) refers to ffix.o(x$fpl$ffix) for __aeabi_f2iz
    pid.o(.text) refers to dflt_clz.o(x$fpl$dflt) for __aeabi_i2d
    pid.o(.text) refers to daddsub_clz.o(x$fpl$dadd) for __aeabi_dadd
    pid.o(.text) refers to f2d.o(x$fpl$f2d) for __aeabi_f2d
[...]
    defsig_segv_inner.o(.text) refers to defsig_general.o(.text) for __default_signal_display
    defsig_other.o(.text) refers to defsig_general.o(.text) for __default_signal_display


==============================================================================

Removing Unused input sections from the image.

    Removing pid.o(.text), (408 bytes).
    Removing pid.o(.bss), (12 bytes).
    Removing pid.o(.data), (44 bytes).
    Removing core_cm3.o(.emb_text), (32 bytes).
    Removing stm32f10x_fsmc.o(.text), (1560 bytes).

5 unused section(s) (total 2056 bytes) removed from the image.

==============================================================================

Image Symbol Table

    Local Symbols

    Symbol Name                              Value     Ov Type        Size  Object(Section)

    ../clib/angel/boardlib.s                 0x00000000   Number         0  boardshut.o ABSOLUTE
    ../clib/angel/boardlib.s                 0x00000000   Number         0  boardinit1.o ABSOLUTE
    ../clib/angel/boardlib.s                 0x00000000   Number         0  boardinit2.o ABSOLUTE
    ../clib/angel/boardlib.s                 0x00000000   Number         0  boardinit3.o ABSOLUTE
    ../clib/angel/handlers.s                 0x00000000   Number         0  __scatter_copy.o ABSOLUTE
    ../clib/angel/handlers.s                 0x00000000   Number         0  __scatter_zi.o ABSOLUTE
    ../clib/angel/kernel.s                   0x00000000   Number         0  rtexit.o ABSOLUTE
    ../clib/angel/kernel.s                   0x00000000   Number         0  rtentry4.o ABSOLUTE
    ../clib/angel/kernel.s                   0x00000000   Number         0  rtentry.o ABSOLUTE
    ../clib/angel/kernel.s                   0x00000000   Number         0  rtentry2.o ABSOLUTE
    ../clib/angel/kernel.s                   0x00000000   Number         0  rtexit2.o ABSOLUTE
    ../clib/angel/rt.s                       0x00000000   Number         0  rt_raise.o ABSOLUTE
    ../clib/angel/scatter.s                  0x00000000   Number         0  __scatter.o ABSOLUTE
    ../clib/angel/startup.s                  0x00000000   Number         0  __main.o ABSOLUTE
    ../clib/angel/sys.s                      0x00000000   Number         0  use_no_semi_2.o ABSOLUTE
    ../clib/angel/sys.s                      0x00000000   Number         0  indicate_semi.o ABSOLUTE
    ../clib/angel/sys.s                      0x00000000   Number         0  use_no_semi.o ABSOLUTE
    ../clib/angel/sys.s                      0x00000000   Number         0  libspace.o ABSOLUTE
    ../clib/angel/sys.s                      0x00000000   Number         0  sys_stackheap_outer.o ABSOLUTE
    ../clib/angel/sysapp.c                   0x00000000   Number         0  sys_wrch.o ABSOLUTE
    ../clib/angel/sysapp.c                   0x00000000   Number         0  sys_command.o ABSOLUTE
    ../clib/armsys.c                         0x00000000   Number         0  no_argv.o ABSOLUTE
    ../clib/armsys.c                         0x00000000   Number         0  _get_argv_nomalloc.o ABSOLUTE
    ../clib/armsys.c                         0x00000000   Number         0  argv_veneer.o ABSOLUTE
    ../clib/armsys.c                         0x00000000   Number         0  argv_veneer.o ABSOLUTE
    ../clib/heapalloc.c                      0x00000000   Number         0  hrguard.o ABSOLUTE
    ../clib/heapaux.c                        0x00000000   Number         0  heapauxi.o ABSOLUTE
    ../clib/libinit.s                        0x00000000   Number         0  libinit.o ABSOLUTE
    ../clib/libinit.s                        0x00000000   Number         0  libshutdown2.o ABSOLUTE
    ../clib/libinit.s                        0x00000000   Number         0  libinit2.o ABSOLUTE
    ../clib/libinit.s                        0x00000000   Number         0  libshutdown.o ABSOLUTE
    ../clib/printf.c                         0x00000000   Number         0  __printf.o ABSOLUTE
    ../clib/printf.c                         0x00000000   Number         0  noretval__2printf.o ABSOLUTE
    ../clib/printf.c                         0x00000000   Number         0  __printf_wp.o ABSOLUTE
    ../clib/printf.c                         0x00000000   Number         0  __printf_flags_wp.o ABSOLUTE
    ../clib/printf.c                         0x00000000   Number         0  __printf_ss_wp.o ABSOLUTE
    ../clib/printf.c                         0x00000000   Number         0  __printf_flags_ss_wp.o ABSOLUTE
    ../clib/printf.c                         0x00000000   Number         0  __2printf.o ABSOLUTE
    ../clib/printf.c                         0x00000000   Number         0  __printf_ss.o ABSOLUTE
    ../clib/printf.c                         0x00000000   Number         0  __printf_flags_ss.o ABSOLUTE
    ../clib/printf.c                         0x00000000   Number         0  __printf_flags.o ABSOLUTE
    ../clib/printf.c                         0x00000000   Number         0  _printf_dec.o ABSOLUTE
    ../clib/printf.c                         0x00000000   Number         0  __printf_nopercent.o ABSOLUTE
    ../clib/printf.c                         0x00000000   Number         0  _printf_char_common.o ABSOLUTE
    ../clib/printf.c                         0x00000000   Number         0  _printf_char_file.o ABSOLUTE
    ../clib/printf.c                         0x00000000   Number         0  _printf_intcommon.o ABSOLUTE
    ../clib/printf_percent.s                 0x00000000   Number         0  _printf_percent.o ABSOLUTE
    ../clib/printf_percent.s                 0x00000000   Number         0  _printf_percent_end.o ABSOLUTE
    ../clib/printf_percent.s                 0x00000000   Number         0  _printf_d.o ABSOLUTE
    ../clib/signal.c                         0x00000000   Number         0  defsig_cppl_inner.o ABSOLUTE
    ../clib/signal.c                         0x00000000   Number         0  defsig_stak_inner.o ABSOLUTE
    ../clib/signal.c                         0x00000000   Number         0  defsig_rtred_inner.o ABSOLUTE
    ../clib/signal.c                         0x00000000   Number         0  defsig_fpe_inner.o ABSOLUTE
    ../clib/signal.c                         0x00000000   Number         0  defsig_abrt_inner.o ABSOLUTE
    ../clib/signal.c                         0x00000000   Number         0  defsig_general.o ABSOLUTE
    ../clib/signal.c                         0x00000000   Number         0  __raise.o ABSOLUTE
    ../clib/signal.c                         0x00000000   Number         0  defsig_exit.o ABSOLUTE
    ../clib/signal.c                         0x00000000   Number         0  defsig_rtmem_formal.o ABSOLUTE
    ../clib/signal.c                         0x00000000   Number         0  defsig_rtmem_outer.o ABSOLUTE
    ../clib/signal.c                         0x00000000   Number         0  defsig_rtmem_inner.o ABSOLUTE
    ../clib/signal.c                         0x00000000   Number         0  defsig_pvfn_inner.o ABSOLUTE
    ../clib/signal.c                         0x00000000   Number         0  defsig_other.o ABSOLUTE
    ../clib/signal.c                         0x00000000   Number         0  defsig_segv_inner.o ABSOLUTE
    ../clib/signal.s                         0x00000000   Number         0  defsig.o ABSOLUTE
    ../clib/stdio.c                          0x00000000   Number         0  ferror_locked.o ABSOLUTE
    ../clib/stdio.c                          0x00000000   Number         0  ferror.o ABSOLUTE
    ../clib/stdlib.c                         0x00000000   Number         0  exit.o ABSOLUTE
    ../fplib/d2f.s                           0x00000000   Number         0  d2f.o ABSOLUTE
    ../fplib/daddsub.s                       0x00000000   Number         0  daddsub_clz.o ABSOLUTE
    ../fplib/dcmpi.s                         0x00000000   Number         0  dcmpi.o ABSOLUTE
    ../fplib/dfix.s                          0x00000000   Number         0  dfix.o ABSOLUTE
    ../fplib/dflt.s                          0x00000000   Number         0  dflt_clz.o ABSOLUTE
    ../fplib/dleqf.s                         0x00000000   Number         0  dleqf.o ABSOLUTE
    ../fplib/dmul.s                          0x00000000   Number         0  dmul.o ABSOLUTE
    ../fplib/dnaninf.s                       0x00000000   Number         0  dnaninf.o ABSOLUTE
    ../fplib/dretinf.s                       0x00000000   Number         0  dretinf.o ABSOLUTE
    ../fplib/drleqf.s                        0x00000000   Number         0  drleqf.o ABSOLUTE
    ../fplib/f2d.s                           0x00000000   Number         0  f2d.o ABSOLUTE
    ../fplib/faddsub.s                       0x00000000   Number         0  faddsub_clz.o ABSOLUTE
    ../fplib/fcmpi.s                         0x00000000   Number         0  fcmpi.o ABSOLUTE
    ../fplib/feqf.s                          0x00000000   Number         0  feqf.o ABSOLUTE
    ../fplib/ffix.s                          0x00000000   Number         0  ffix.o ABSOLUTE
    ../fplib/ffixu.s                         0x00000000   Number         0  ffixu.o ABSOLUTE
    ../fplib/fflt.s                          0x00000000   Number         0  fflt_clz.o ABSOLUTE
    ../fplib/fmul.s                          0x00000000   Number         0  fmul.o ABSOLUTE
    ../fplib/fnaninf.s                       0x00000000   Number         0  fnaninf.o ABSOLUTE
    ../fplib/fpinit.s                        0x00000000   Number         0  fpinit.o ABSOLUTE
    ../fplib/fretinf.s                       0x00000000   Number         0  fretinf.o ABSOLUTE
    ../fplib/usenofp.s                       0x00000000   Number         0  usenofp.o ABSOLUTE
    ..\CORE\core_cm3.c                       0x00000000   Number         0  core_cm3.o ABSOLUTE
    ..\CORE\startup_stm32f10x_hd.s           0x00000000   Number         0  startup_stm32f10x_hd.o ABSOLUTE
    ..\HARDWARE\ADC\adc.c                    0x00000000   Number         0  adc.o ABSOLUTE
    ..\HARDWARE\DHT11\dht11.c                0x00000000   Number         0  dht11.o ABSOLUTE
    ..\HARDWARE\DS18B20\ds18b20.c            0x00000000   Number         0  ds18b20.o ABSOLUTE
    ..\HARDWARE\KEY\key.c                    0x00000000   Number         0  key.o ABSOLUTE
    ..\HARDWARE\LCD\lcd.c                    0x00000000   Number         0  lcd.o ABSOLUTE
    ..\HARDWARE\LED\led.c                    0x00000000   Number         0  led.o ABSOLUTE
    ..\HARDWARE\PID\PID.c                    0x00000000   Number         0  pid.o ABSOLUTE
    ..\HARDWARE\TIMER\timer.c                0x00000000   Number         0  timer.o ABSOLUTE
    ..\HARDWARE\VOICE\voice.c                0x00000000   Number         0  voice.o ABSOLUTE
    ..\STM32F10x_FWLib\src\misc.c            0x00000000   Number         0  misc.o ABSOLUTE
    ..\STM32F10x_FWLib\src\stm32f10x_adc.c   0x00000000   Number         0  stm32f10x_adc.o ABSOLUTE
    ..\STM32F10x_FWLib\src\stm32f10x_fsmc.c  0x00000000   Number         0  stm32f10x_fsmc.o ABSOLUTE
    ..\STM32F10x_FWLib\src\stm32f10x_gpio.c  0x00000000   Number         0  stm32f10x_gpio.o ABSOLUTE
    ..\STM32F10x_FWLib\src\stm32f10x_rcc.c   0x00000000   Number         0  stm32f10x_rcc.o ABSOLUTE
    ..\STM32F10x_FWLib\src\stm32f10x_tim.c   0x00000000   Number         0  stm32f10x_tim.o ABSOLUTE
    ..\STM32F10x_FWLib\src\stm32f10x_usart.c 0x00000000   Number         0  stm32f10x_usart.o ABSOLUTE
    ..\SYSTEM\delay\delay.c                  0x00000000   Number         0  delay.o ABSOLUTE
    ..\SYSTEM\sys\sys.c                      0x00000000   Number         0  sys.o ABSOLUTE
    ..\SYSTEM\usart\usart.c                  0x00000000   Number         0  usart.o ABSOLUTE
    ..\\CORE\\core_cm3.c                     0x00000000   Number         0  core_cm3.o ABSOLUTE
    dc.s                                     0x00000000   Number         0  dc.o ABSOLUTE
    main.c                                   0x00000000   Number         0  main.o ABSOLUTE
    stm32f10x_it.c                           0x00000000   Number         0  stm32f10x_it.o ABSOLUTE
    system_stm32f10x.c                       0x00000000   Number         0  system_stm32f10x.o ABSOLUTE
    RESET                                    0x08000000   Section      304  startup_stm32f10x_hd.o(RESET)
    !!!main                                  0x08000130   Section        8  __main.o(!!!main)
    !!!scatter                               0x08000138   Section       52  __scatter.o(!!!scatter)
    !!handler_copy                           0x0800016c   Section       26  __scatter_copy.o(!!handler_copy)
    !!handler_zi                             0x08000188   Section       28  __scatter_zi.o(!!handler_zi)
    .ARM.Collect$$_printf_percent$$00000000  0x080001a4   Section        0  _printf_percent.o(.ARM.Collect$$_printf_percent$$00000000)
    .ARM.Collect$$_printf_percent$$00000009  0x080001a4   Section        6  _printf_d.o(.ARM.Collect$$_printf_percent$$00000009)
    .ARM.Collect$$_printf_percent$$00000017  0x080001aa   Section        4  _printf_percent_end.o(.ARM.Collect$$_printf_percent$$00000017)
    .ARM.Collect$$libinit$$00000000          0x080001ae   Section        2  libinit.o(.ARM.Collect$$libinit$$00000000)
    .ARM.Collect$$libinit$$00000002          0x080001b0   Section        0  libinit2.o(.ARM.Collect$$libinit$$00000002)
    .ARM.Collect$$libinit$$00000008          0x080001b0   Section        0  libinit2.o(.ARM.Collect$$libinit$$00000008)
    .ARM.Collect$$libinit$$0000000A          0x080001b0   Section        0  libinit2.o(.ARM.Collect$$libinit$$0000000A)
    .ARM.Collect$$libinit$$0000000C          0x080001b0   Section        0  libinit2.o(.ARM.Collect$$libinit$$0000000C)
    .ARM.Collect$$libinit$$0000000F          0x080001b0   Section        0  libinit2.o(.ARM.Collect$$libinit$$0000000F)
    .ARM.Collect$$libinit$$00000011          0x080001b0   Section        0  libinit2.o(.ARM.Collect$$libinit$$00000011)
    .ARM.Collect$$libinit$$00000013          0x080001b0   Section        0  libinit2.o(.ARM.Collect$$libinit$$00000013)
    .ARM.Collect$$libinit$$00000015          0x080001b0   Section        0  libinit2.o(.ARM.Collect$$libinit$$00000015)
    .ARM.Collect$$libinit$$00000017          0x080001b0   Section        0  libinit2.o(.ARM.Collect$$libinit$$00000017)
    .ARM.Collect$$libinit$$00000019          0x080001b0   Section        0  libinit2.o(.ARM.Collect$$libinit$$00000019)
    .ARM.Collect$$libinit$$0000001B          0x080001b0   Section        0  libinit2.o(.ARM.Collect$$libinit$$0000001B)
    .ARM.Collect$$libinit$$0000001D          0x080001b0   Section        0  libinit2.o(.ARM.Collect$$libinit$$0000001D)
    .ARM.Collect$$libinit$$0000001F          0x080001b0   Section        0  libinit2.o(.ARM.Collect$$libinit$$0000001F)
    .ARM.Collect$$libinit$$00000021          0x080001b0   Section        0  libinit2.o(.ARM.Collect$$libinit$$00000021)
    .ARM.Collect$$libinit$$00000023          0x080001b0   Section        0  libinit2.o(.ARM.Collect$$libinit$$00000023)
    .ARM.Collect$$libinit$$0000002A          0x080001b0   Section        0  libinit2.o(.ARM.Collect$$libinit$$0000002A)
    .ARM.Collect$$libinit$$0000002C          0x080001b0   Section        0  libinit2.o(.ARM.Collect$$libinit$$0000002C)
    .ARM.Collect$$libinit$$0000002E          0x080001b0   Section        0  libinit2.o(.ARM.Collect$$libinit$$0000002E)
    .ARM.Collect$$libinit$$00000030          0x080001b0   Section        0  libinit2.o(.ARM.Collect$$libinit$$00000030)
    .ARM.Collect$$libinit$$00000031          0x080001b0   Section        2  libinit2.o(.ARM.Collect$$libinit$$00000031)
    .ARM.Collect$$libshutdown$$00000000      0x080001b2   Section        2  libshutdown.o(.ARM.Collect$$libshutdown$$00000000)
    .ARM.Collect$$libshutdown$$00000003      0x080001b4   Section        0  libshutdown2.o(.ARM.Collect$$libshutdown$$00000003)
    .ARM.Collect$$libshutdown$$00000006      0x080001b4   Section        0  libshutdown2.o(.ARM.Collect$$libshutdown$$00000006)
    .ARM.Collect$$libshutdown$$00000009      0x080001b4   Section        0  libshutdown2.o(.ARM.Collect$$libshutdown$$00000009)
    .ARM.Collect$$libshutdown$$0000000B      0x080001b4   Section        0  libshutdown2.o(.ARM.Collect$$libshutdown$$0000000B)
    .ARM.Collect$$libshutdown$$0000000E      0x080001b4   Section        0  libshutdown2.o(.ARM.Collect$$libshutdown$$0000000E)
    .ARM.Collect$$libshutdown$$0000000F      0x080001b4   Section        2  libshutdown2.o(.ARM.Collect$$libshutdown$$0000000F)
    .ARM.Collect$$rtentry$$00000000          0x080001b6   Section        0  rtentry.o(.ARM.Collect$$rtentry$$00000000)
    .ARM.Collect$$rtentry$$00000002          0x080001b6   Section        0  rtentry2.o(.ARM.Collect$$rtentry$$00000002)
    .ARM.Collect$$rtentry$$00000004          0x080001b6   Section        6  rtentry4.o(.ARM.Collect$$rtentry$$00000004)
    .ARM.Collect$$rtentry$$00000009          0x080001bc   Section        0  rtentry2.o(.ARM.Collect$$rtentry$$00000009)
    .ARM.Collect$$rtentry$$0000000A          0x080001bc   Section        4  rtentry2.o(.ARM.Collect$$rtentry$$0000000A)
    .ARM.Collect$$rtentry$$0000000C          0x080001c0   Section        0  rtentry2.o(.ARM.Collect$$rtentry$$0000000C)
    .ARM.Collect$$rtentry$$0000000D          0x080001c0   Section        8  rtentry2.o(.ARM.Collect$$rtentry$$0000000D)
    .ARM.Collect$$rtexit$$00000000           0x080001c8   Section        2  rtexit.o(.ARM.Collect$$rtexit$$00000000)
    .ARM.Collect$$rtexit$$00000002           0x080001ca   Section        0  rtexit2.o(.ARM.Collect$$rtexit$$00000002)
    .ARM.Collect$$rtexit$$00000003           0x080001ca   Section        4  rtexit2.o(.ARM.Collect$$rtexit$$00000003)
    .ARM.Collect$$rtexit$$00000004           0x080001ce   Section        6  rtexit2.o(.ARM.Collect$$rtexit$$00000004)
    .text                                    0x080001d4   Section        0  main.o(.text)
    .text                                    0x0800026c   Section        0  stm32f10x_it.o(.text)
    .text                                    0x08000288   Section        0  system_stm32f10x.o(.text)
    SetSysClockTo72                          0x08000289   Thumb Code   212  system_stm32f10x.o(.text)
    SetSysClock                              0x0800035d   Thumb Code     8  system_stm32f10x.o(.text)
    .text                                    0x08000464   Section        0  led.o(.text)
    .text                                    0x080005d0   Section        0  key.o(.text)
    .text                                    0x08000d3c   Section        0  lcd.o(.text)
    .text                                    0x08000f98   Section        0  dht11.o(.text)
    .text                                    0x0800112c   Section        0  adc.o(.text)
    .text                                    0x08001214   Section        0  timer.o(.text)
    .text                                    0x08001378   Section        0  voice.o(.text)
    .text                                    0x08001550   Section        0  ds18b20.o(.text)
    .text                                    0x080017bc   Section        0  delay.o(.text)
    .text                                    0x0800188c   Section        0  sys.o(.text)
    .text                                    0x08001898   Section        0  usart.o(.text)
    .text                                    0x08001bd0   Section       64  startup_stm32f10x_hd.o(.text)
    .text                                    0x08001c10   Section        0  misc.o(.text)
    .text                                    0x08001cec   Section        0  stm32f10x_gpio.o(.text)
    .text                                    0x08002044   Section        0  stm32f10x_rcc.o(.text)
    .text                                    0x080023e8   Section        0  stm32f10x_usart.o(.text)
    .text                                    0x080027f0   Section        0  stm32f10x_adc.o(.text)
    .text                                    0x08002c40   Section        0  stm32f10x_tim.o(.text)
    TI4_Config                               0x080030e7   Thumb Code   130  stm32f10x_tim.o(.text)
    TI3_Config                               0x0800317b   Thumb Code   122  stm32f10x_tim.o(.text)
    TI2_Config                               0x0800320f   Thumb Code   130  stm32f10x_tim.o(.text)
    TI1_Config                               0x080032a3   Thumb Code   108  stm32f10x_tim.o(.text)
    .text                                    0x08003a5a   Section        2  use_no_semi_2.o(.text)
    .text                                    0x08003a5c   Section        0  noretval__2printf.o(.text)
    .text                                    0x08003a74   Section        0  __printf.o(.text)
    .text                                    0x08003adc   Section        0  _printf_dec.o(.text)
    .text                                    0x08003b54   Section        0  heapauxi.o(.text)
    .text                                    0x08003b5a   Section        2  use_no_semi.o(.text)
    .text                                    0x08003b5c   Section        0  _printf_intcommon.o(.text)
    .text                                    0x08003c14   Section        0  _printf_char_file.o(.text)
    .text                                    0x08003c38   Section        0  _printf_char_common.o(.text)
    _printf_input_char                       0x08003c39   Thumb Code    10  _printf_char_common.o(.text)
    .text                                    0x08003c68   Section        0  ferror.o(.text)
    .text                                    0x08003c70   Section       74  sys_stackheap_outer.o(.text)
    .text                                    0x08003cba   Section        0  exit.o(.text)
    .text                                    0x08003cc8   Section        8  libspace.o(.text)
    x$fpl$d2f                                0x08003cd0   Section       98  d2f.o(x$fpl$d2f)
    x$fpl$dfix                               0x08003d34   Section       94  dfix.o(x$fpl$dfix)
    x$fpl$dfltu                              0x08003d92   Section       38  dflt_clz.o(x$fpl$dfltu)
    x$fpl$dmul                               0x08003db8   Section      340  dmul.o(x$fpl$dmul)
    x$fpl$dnaninf                            0x08003f0c   Section      156  dnaninf.o(x$fpl$dnaninf)
    x$fpl$dretinf                            0x08003fa8   Section       12  dretinf.o(x$fpl$dretinf)
    x$fpl$f2d                                0x08003fb4   Section       86  f2d.o(x$fpl$f2d)
    x$fpl$fcmpinf                            0x0800400a   Section       24  fcmpi.o(x$fpl$fcmpinf)
    x$fpl$feqf                               0x08004024   Section      104  feqf.o(x$fpl$feqf)
    x$fpl$ffix                               0x0800408c   Section       54  ffix.o(x$fpl$ffix)
    x$fpl$ffixu                              0x080040c4   Section       62  ffixu.o(x$fpl$ffixu)
    x$fpl$fflt                               0x08004104   Section       48  fflt_clz.o(x$fpl$fflt)
    x$fpl$fmul                               0x08004134   Section      258  fmul.o(x$fpl$fmul)
    x$fpl$fnaninf                            0x08004236   Section      140  fnaninf.o(x$fpl$fnaninf)
    x$fpl$fretinf                            0x080042c2   Section       10  fretinf.o(x$fpl$fretinf)
    x$fpl$usenofp                            0x080042cc   Section        0  usenofp.o(x$fpl$usenofp)
    .data                                    0x20000000   Section       20  main.o(.data)
    .data                                    0x20000014   Section       20  system_stm32f10x.o(.data)
    .data                                    0x20000028   Section      152  key.o(.data)
    key_output                               0x20000078   Data          32  key.o(.data)
    key_input                                0x20000098   Data          32  key.o(.data)
    .data                                    0x200000c0   Section        4  timer.o(.data)
    .data                                    0x200000c4   Section        4  delay.o(.data)
    fac_us                                   0x200000c4   Data           1  delay.o(.data)
    fac_ms                                   0x200000c6   Data           2  delay.o(.data)
    .data                                    0x200000c8   Section        8  usart.o(.data)
    .data                                    0x200000d0   Section       20  stm32f10x_rcc.o(.data)
    APBAHBPrescTable                         0x200000d0   Data          16  stm32f10x_rcc.o(.data)
    ADCPrescTable                            0x200000e0   Data           4  stm32f10x_rcc.o(.data)
    .bss                                     0x200000e4   Section       16  key.o(.bss)
    .bss                                     0x200000f4   Section      200  usart.o(.bss)
    .bss                                     0x200001bc   Section       96  libspace.o(.bss)
    HEAP                                     0x20000220   Section      512  startup_stm32f10x_hd.o(HEAP)
    Heap_Mem                                 0x20000220   Data         512  startup_stm32f10x_hd.o(HEAP)
    STACK                                    0x20000420   Section     1024  startup_stm32f10x_hd.o(STACK)
    Stack_Mem                                0x20000420   Data        1024  startup_stm32f10x_hd.o(STACK)
    __initial_sp                             0x20000820   Data           0  startup_stm32f10x_hd.o(STACK)

    Global Symbols

    Symbol Name                              Value     Ov Type        Size  Object(Section)

    BuildAttributes$$THM_ISAv4$P$D$K$B$S$PE$A:L22UL41UL21$X:L11$S22US41US21$IEEE1$IW$USESV6$~STKCKD$USESV7$~SHL$OSPACE$ROPI$EBA8$UX$STANDARDLIB$REQ8$PRES8$EABIv2 0x00000000   Number         0  anon$$obj.o ABSOLUTE
    __ARM_use_no_argv                        0x00000000   Number         0  main.o ABSOLUTE
    __ARM_exceptions_init                     - Undefined Weak Reference
    __alloca_initialize                       - Undefined Weak Reference
    __cpp_initialize__aeabi_                  - Undefined Weak Reference
    __cxa_finalize                            - Undefined Weak Reference
    __rt_locale                               - Undefined Weak Reference
    __sigvec_lookup                           - Undefined Weak Reference
    _atexit_init                              - Undefined Weak Reference
    _call_atexit_fns                          - Undefined Weak Reference
    _clock_init                               - Undefined Weak Reference
    _fp_trap_init                             - Undefined Weak Reference
    _fp_trap_shutdown                         - Undefined Weak Reference
    _get_lc_collate                           - Undefined Weak Reference
    _get_lc_ctype                             - Undefined Weak Reference
    _get_lc_monetary                          - Undefined Weak Reference
    _get_lc_numeric                           - Undefined Weak Reference
    _get_lc_time                              - Undefined Weak Reference
    _getenv_init                              - Undefined Weak Reference
    _handle_redirection                       - Undefined Weak Reference
    _init_alloc                               - Undefined Weak Reference
    _init_user_alloc                          - Undefined Weak Reference
    _initio                                   - Undefined Weak Reference
    _mutex_acquire                            - Undefined Weak Reference
    _mutex_release                            - Undefined Weak Reference
    _printf_post_padding                      - Undefined Weak Reference
    _printf_pre_padding                       - Undefined Weak Reference
    _printf_truncate_signed                   - Undefined Weak Reference
    _printf_truncate_unsigned                 - Undefined Weak Reference
    _rand_init                                - Undefined Weak Reference
    _signal_finish                            - Undefined Weak Reference
    _signal_init                              - Undefined Weak Reference
    _terminate_alloc                          - Undefined Weak Reference
    _terminate_user_alloc                     - Undefined Weak Reference
    _terminateio                              - Undefined Weak Reference
    __Vectors_Size                           0x00000130   Number         0  startup_stm32f10x_hd.o ABSOLUTE
    __Vectors                                0x08000000   Data           4  startup_stm32f10x_hd.o(RESET)
    __Vectors_End                            0x08000130   Data           0  startup_stm32f10x_hd.o(RESET)
    __main                                   0x08000131   Thumb Code     8  __main.o(!!!main)
    __scatterload                            0x08000139   Thumb Code     0  __scatter.o(!!!scatter)
    __scatterload_rt2                        0x08000139   Thumb Code    44  __scatter.o(!!!scatter)
    __scatterload_rt2_thumb_only             0x08000139   Thumb Code     0  __scatter.o(!!!scatter)
    __scatterload_null                       0x08000147   Thumb Code     0  __scatter.o(!!!scatter)
    __scatterload_copy                       0x0800016d   Thumb Code    26  __scatter_copy.o(!!handler_copy)
    __scatterload_zeroinit                   0x08000189   Thumb Code    28  __scatter_zi.o(!!handler_zi)
    _printf_d                                0x080001a5   Thumb Code     0  _printf_d.o(.ARM.Collect$$_printf_percent$$00000009)
    _printf_percent                          0x080001a5   Thumb Code     0  _printf_percent.o(.ARM.Collect$$_printf_percent$$00000000)
    _printf_percent_end                      0x080001ab   Thumb Code     0  _printf_percent_end.o(.ARM.Collect$$_printf_percent$$00000017)
    __rt_lib_init                            0x080001af   Thumb Code     0  libinit.o(.ARM.Collect$$libinit$$00000000)
    __rt_lib_init_alloca_1                   0x080001b1   Thumb Code     0  libinit2.o(.ARM.Collect$$libinit$$0000002C)
    __rt_lib_init_argv_1                     0x080001b1   Thumb Code     0  libinit2.o(.ARM.Collect$$libinit$$0000002A)
    __rt_lib_init_atexit_1                   0x080001b1   Thumb Code     0  libinit2.o(.ARM.Collect$$libinit$$00000019)
    __rt_lib_init_clock_1                    0x080001b1   Thumb Code     0  libinit2.o(.ARM.Collect$$libinit$$0000001F)
    __rt_lib_init_cpp_1                      0x080001b1   Thumb Code     0  libinit2.o(.ARM.Collect$$libinit$$00000030)
    __rt_lib_init_exceptions_1               0x080001b1   Thumb Code     0  libinit2.o(.ARM.Collect$$libinit$$0000002E)
    __rt_lib_init_fp_1                       0x080001b1   Thumb Code     0  libinit2.o(.ARM.Collect$$libinit$$00000002)
    __rt_lib_init_fp_trap_1                  0x080001b1   Thumb Code     0  libinit2.o(.ARM.Collect$$libinit$$0000001D)
    __rt_lib_init_getenv_1                   0x080001b1   Thumb Code     0  libinit2.o(.ARM.Collect$$libinit$$00000021)
    __rt_lib_init_heap_1                     0x080001b1   Thumb Code     0  libinit2.o(.ARM.Collect$$libinit$$00000008)
    __rt_lib_init_lc_collate_1               0x080001b1   Thumb Code     0  libinit2.o(.ARM.Collect$$libinit$$0000000F)
    __rt_lib_init_lc_ctype_1                 0x080001b1   Thumb Code     0  libinit2.o(.ARM.Collect$$libinit$$00000011)
    __rt_lib_init_lc_monetary_1              0x080001b1   Thumb Code     0  libinit2.o(.ARM.Collect$$libinit$$00000013)
    __rt_lib_init_lc_numeric_1               0x080001b1   Thumb Code     0  libinit2.o(.ARM.Collect$$libinit$$00000015)
    __rt_lib_init_lc_time_1                  0x080001b1   Thumb Code     0  libinit2.o(.ARM.Collect$$libinit$$00000017)
    __rt_lib_init_rand_1                     0x080001b1   Thumb Code     0  libinit2.o(.ARM.Collect$$libinit$$0000000C)
    __rt_lib_init_return                     0x080001b1   Thumb Code     0  libinit2.o(.ARM.Collect$$libinit$$00000031)
    __rt_lib_init_signal_1                   0x080001b1   Thumb Code     0  libinit2.o(.ARM.Collect$$libinit$$0000001B)
    __rt_lib_init_stdio_1                    0x080001b1   Thumb Code     0  libinit2.o(.ARM.Collect$$libinit$$00000023)
    __rt_lib_init_user_alloc_1               0x080001b1   Thumb Code     0  libinit2.o(.ARM.Collect$$libinit$$0000000A)
    __rt_lib_shutdown                        0x080001b3   Thumb Code     0  libshutdown.o(.ARM.Collect$$libshutdown$$00000000)
    __rt_lib_shutdown_fp_trap_1              0x080001b5   Thumb Code     0  libshutdown2.o(.ARM.Collect$$libshutdown$$00000006)
    __rt_lib_shutdown_heap_1                 0x080001b5   Thumb Code     0  libshutdown2.o(.ARM.Collect$$libshutdown$$0000000E)
    __rt_lib_shutdown_return                 0x080001b5   Thumb Code     0  libshutdown2.o(.ARM.Collect$$libshutdown$$0000000F)
    __rt_lib_shutdown_signal_1               0x080001b5   Thumb Code     0  libshutdown2.o(.ARM.Collect$$libshutdown$$00000009)
    __rt_lib_shutdown_stdio_1                0x080001b5   Thumb Code     0  libshutdown2.o(.ARM.Collect$$libshutdown$$00000003)
    __rt_lib_shutdown_user_alloc_1           0x080001b5   Thumb Code     0  libshutdown2.o(.ARM.Collect$$libshutdown$$0000000B)
    __rt_entry                               0x080001b7   Thumb Code     0  rtentry.o(.ARM.Collect$$rtentry$$00000000)
    __rt_entry_presh_1                       0x080001b7   Thumb Code     0  rtentry2.o(.ARM.Collect$$rtentry$$00000002)
    __rt_entry_sh                            0x080001b7   Thumb Code     0  rtentry4.o(.ARM.Collect$$rtentry$$00000004)
    __rt_entry_li                            0x080001bd   Thumb Code     0  rtentry2.o(.ARM.Collect$$rtentry$$0000000A)
    __rt_entry_postsh_1                      0x080001bd   Thumb Code     0  rtentry2.o(.ARM.Collect$$rtentry$$00000009)
    __rt_entry_main                          0x080001c1   Thumb Code     0  rtentry2.o(.ARM.Collect$$rtentry$$0000000D)
    __rt_entry_postli_1                      0x080001c1   Thumb Code     0  rtentry2.o(.ARM.Collect$$rtentry$$0000000C)
    __rt_exit                                0x080001c9   Thumb Code     0  rtexit.o(.ARM.Collect$$rtexit$$00000000)
    __rt_exit_ls                             0x080001cb   Thumb Code     0  rtexit2.o(.ARM.Collect$$rtexit$$00000003)
    __rt_exit_prels_1                        0x080001cb   Thumb Code     0  rtexit2.o(.ARM.Collect$$rtexit$$00000002)
    __rt_exit_exit                           0x080001cf   Thumb Code     0  rtexit2.o(.ARM.Collect$$rtexit$$00000004)
    main                                     0x080001d5   Thumb Code   116  main.o(.text)
    NMI_Handler                              0x0800026d   Thumb Code     2  stm32f10x_it.o(.text)
    HardFault_Handler                        0x0800026f   Thumb Code     4  stm32f10x_it.o(.text)
    MemManage_Handler                        0x08000273   Thumb Code     4  stm32f10x_it.o(.text)
    BusFault_Handler                         0x08000277   Thumb Code     4  stm32f10x_it.o(.text)
    UsageFault_Handler                       0x0800027b   Thumb Code     4  stm32f10x_it.o(.text)
    SVC_Handler                              0x0800027f   Thumb Code     2  stm32f10x_it.o(.text)
    DebugMon_Handler                         0x08000281   Thumb Code     2  stm32f10x_it.o(.text)
    PendSV_Handler                           0x08000283   Thumb Code     2  stm32f10x_it.o(.text)
    SysTick_Handler                          0x08000285   Thumb Code     2  stm32f10x_it.o(.text)
    SystemInit                               0x08000365   Thumb Code    78  system_stm32f10x.o(.text)
    SystemCoreClockUpdate                    0x080003b3   Thumb Code   142  system_stm32f10x.o(.text)
    LED_Init                                 0x08000465   Thumb Code   142  led.o(.text)
    zoo                                      0x080004f3   Thumb Code    30  led.o(.text)
    one                                      0x08000511   Thumb Code    34  led.o(.text)
    two                                      0x08000533   Thumb Code    34  led.o(.text)
    three                                    0x08000555   Thumb Code    34  led.o(.text)
    four                                     0x08000577   Thumb Code    34  led.o(.text)
    five                                     0x08000599   Thumb Code    30  led.o(.text)
    KEY_Init                                 0x080005d1   Thumb Code   158  key.o(.text)
    update_key                               0x0800066f   Thumb Code   550  key.o(.text)
    add                                      0x08000895   Thumb Code   154  key.o(.text)
    dispaly0                                 0x0800092f   Thumb Code   132  key.o(.text)
    dispaly_0                                0x080009b3   Thumb Code   266  key.o(.text)
    jiemian1                                 0x08000abd   Thumb Code   236  key.o(.text)
    jiemian                                  0x08000ba9   Thumb Code   232  key.o(.text)
    send_dat                                 0x08000d3d   Thumb Code    62  lcd.o(.text)
    com_12864                                0x08000d7b   Thumb Code    46  lcd.o(.text)
    dat_12864                                0x08000da9   Thumb Code    46  lcd.o(.text)
    init_12864                               0x08000dd7   Thumb Code    46  lcd.o(.text)
    display12864_string                      0x08000e05   Thumb Code    30  lcd.o(.text)
    display12864_umn                         0x08000e23   Thumb Code   134  lcd.o(.text)
    display12864_umn1                        0x08000ea9   Thumb Code    24  lcd.o(.text)
    display12864_umn2                        0x08000ec1   Thumb Code   150  lcd.o(.text)
    display12864_umn3                        0x08000f57   Thumb Code    58  lcd.o(.text)
    DHT11_Rst                                0x08000f99   Thumb Code    54  dht11.o(.text)
    DHT11_Check                              0x08000fcf   Thumb Code    92  dht11.o(.text)
    DHT11_Read_Bit                           0x0800102b   Thumb Code    70  dht11.o(.text)
    DHT11_Read_Byte                          0x08001071   Thumb Code    30  dht11.o(.text)
    DHT11_Read_Data                          0x0800108f   Thumb Code    80  dht11.o(.text)
    DHT11_Init                               0x080010df   Thumb Code    62  dht11.o(.text)
    Adc_Init                                 0x0800112d   Thumb Code   132  adc.o(.text)
    Get_Adc                                  0x080011b1   Thumb Code    46  adc.o(.text)
    Get_Adc_Average                          0x080011df   Thumb Code    46  adc.o(.text)
    TIM3_Int_Init                            0x08001215   Thumb Code    90  timer.o(.text)
    TIM3_IRQHandler                          0x0800126f   Thumb Code   208  timer.o(.text)
    voice_IOint                              0x08001379   Thumb Code    84  voice.o(.text)
    voice_chese                              0x080013cd   Thumb Code   312  voice.o(.text)
    DS18B20_Rst                              0x08001551   Thumb Code    54  ds18b20.o(.text)
    DS18B20_Check                            0x08001587   Thumb Code    92  ds18b20.o(.text)
    DS18B20_Read_Bit                         0x080015e3   Thumb Code    96  ds18b20.o(.text)
    DS18B20_Read_Byte                        0x08001643   Thumb Code    34  ds18b20.o(.text)
    DS18B20_Write_Byte                       0x08001665   Thumb Code   106  ds18b20.o(.text)
    DS18B20_Start                            0x080016cf   Thumb Code    24  ds18b20.o(.text)
    DS18B20_Init                             0x080016e7   Thumb Code    58  ds18b20.o(.text)
    DS18B20_Get_Temp                         0x08001721   Thumb Code   136  ds18b20.o(.text)
    delay_init                               0x080017bd   Thumb Code    50  delay.o(.text)
    delay_us                                 0x080017ef   Thumb Code    70  delay.o(.text)
    delay_ms                                 0x08001835   Thumb Code    70  delay.o(.text)
    NVIC_Configuration                       0x0800188d   Thumb Code    12  sys.o(.text)
    _sys_exit                                0x08001899   Thumb Code     6  usart.o(.text)
    fputc                                    0x0800189f   Thumb Code    32  usart.o(.text)
    uart_init                                0x080018bf   Thumb Code   158  usart.o(.text)
    USART1_IRQHandler                        0x0800195d   Thumb Code   140  usart.o(.text)
    laya                                     0x080019e9   Thumb Code   326  usart.o(.text)
    Reset_Handler                            0x08001bd1   Thumb Code     8  startup_stm32f10x_hd.o(.text)
    ADC1_2_IRQHandler                        0x08001beb   Thumb Code     0  startup_stm32f10x_hd.o(.text)
    ADC3_IRQHandler                          0x08001beb   Thumb Code     0  startup_stm32f10x_hd.o(.text)
    CAN1_RX1_IRQHandler                      0x08001beb   Thumb Code     0  startup_stm32f10x_hd.o(.text)
    CAN1_SCE_IRQHandler                      0x08001beb   Thumb Code     0  startup_stm32f10x_hd.o(.text)
    DMA1_Channel1_IRQHandler                 0x08001beb   Thumb Code     0  startup_stm32f10x_hd.o(.text)
    DMA1_Channel2_IRQHandler                 0x08001beb   Thumb Code     0  startup_stm32f10x_hd.o(.text)
    DMA1_Channel3_IRQHandler                 0x08001beb   Thumb Code     0  startup_stm32f10x_hd.o(.text)
    DMA1_Channel4_IRQHandler                 0x08001beb   Thumb Code     0  startup_stm32f10x_hd.o(.text)
    DMA1_Channel5_IRQHandler                 0x08001beb   Thumb Code     0  startup_stm32f10x_hd.o(.text)
    DMA1_Channel6_IRQHandler                 0x08001beb   Thumb Code     0  startup_stm32f10x_hd.o(.text)
    DMA1_Channel7_IRQHandler                 0x08001beb   Thumb Code     0  startup_stm32f10x_hd.o(.text)
    DMA2_Channel1_IRQHandler                 0x08001beb   Thumb Code     0  startup_stm32f10x_hd.o(.text)
    DMA2_Channel2_IRQHandler                 0x08001beb   Thumb Code     0  startup_stm32f10x_hd.o(.text)
    DMA2_Channel3_IRQHandler                 0x08001beb   Thumb Code     0  startup_stm32f10x_hd.o(.text)
    DMA2_Channel4_5_IRQHandler               0x08001beb   Thumb Code     0  startup_stm32f10x_hd.o(.text)
    EXTI0_IRQHandler                         0x08001beb   Thumb Code     0  startup_stm32f10x_hd.o(.text)
    EXTI15_10_IRQHandler                     0x08001beb   Thumb Code     0  startup_stm32f10x_hd.o(.text)
    EXTI1_IRQHandler                         0x08001beb   Thumb Code     0  startup_stm32f10x_hd.o(.text)
    EXTI2_IRQHandler                         0x08001beb   Thumb Code     0  startup_stm32f10x_hd.o(.text)
    EXTI3_IRQHandler                         0x08001beb   Thumb Code     0  startup_stm32f10x_hd.o(.text)
    EXTI4_IRQHandler                         0x08001beb   Thumb Code     0  startup_stm32f10x_hd.o(.text)
    EXTI9_5_IRQHandler                       0x08001beb   Thumb Code     0  startup_stm32f10x_hd.o(.text)
    FLASH_IRQHandler                         0x08001beb   Thumb Code     0  startup_stm32f10x_hd.o(.text)
    FSMC_IRQHandler                          0x08001beb   Thumb Code     0  startup_stm32f10x_hd.o(.text)
    I2C1_ER_IRQHandler                       0x08001beb   Thumb Code     0  startup_stm32f10x_hd.o(.text)
    I2C1_EV_IRQHandler                       0x08001beb   Thumb Code     0  startup_stm32f10x_hd.o(.text)
    I2C2_ER_IRQHandler                       0x08001beb   Thumb Code     0  startup_stm32f10x_hd.o(.text)
    I2C2_EV_IRQHandler                       0x08001beb   Thumb Code     0  startup_stm32f10x_hd.o(.text)
    PVD_IRQHandler                           0x08001beb   Thumb Code     0  startup_stm32f10x_hd.o(.text)
    RCC_IRQHandler                           0x08001beb   Thumb Code     0  startup_stm32f10x_hd.o(.text)
    RTCAlarm_IRQHandler                      0x08001beb   Thumb Code     0  startup_stm32f10x_hd.o(.text)
    RTC_IRQHandler                           0x08001beb   Thumb Code     0  startup_stm32f10x_hd.o(.text)
    SDIO_IRQHandler                          0x08001beb   Thumb Code     0  startup_stm32f10x_hd.o(.text)
    SPI1_IRQHandler                          0x08001beb   Thumb Code     0  startup_stm32f10x_hd.o(.text)
    SPI2_IRQHandler                          0x08001beb   Thumb Code     0  startup_stm32f10x_hd.o(.text)
    SPI3_IRQHandler                          0x08001beb   Thumb Code     0  startup_stm32f10x_hd.o(.text)
    TAMPER_IRQHandler                        0x08001beb   Thumb Code     0  startup_stm32f10x_hd.o(.text)
    TIM1_BRK_IRQHandler                      0x08001beb   Thumb Code     0  startup_stm32f10x_hd.o(.text)
    TIM1_CC_IRQHandler                       0x08001beb   Thumb Code     0  startup_stm32f10x_hd.o(.text)
    TIM1_TRG_COM_IRQHandler                  0x08001beb   Thumb Code     0  startup_stm32f10x_hd.o(.text)
    TIM1_UP_IRQHandler                       0x08001beb   Thumb Code     0  startup_stm32f10x_hd.o(.text)
    TIM2_IRQHandler                          0x08001beb   Thumb Code     0  startup_stm32f10x_hd.o(.text)
    TIM4_IRQHandler                          0x08001beb   Thumb Code     0  startup_stm32f10x_hd.o(.text)
    TIM5_IRQHandler                          0x08001beb   Thumb Code     0  startup_stm32f10x_hd.o(.text)
    TIM6_IRQHandler                          0x08001beb   Thumb Code     0  startup_stm32f10x_hd.o(.text)
    TIM7_IRQHandler                          0x08001beb   Thumb Code     0  startup_stm32f10x_hd.o(.text)
    TIM8_BRK_IRQHandler                      0x08001beb   Thumb Code     0  startup_stm32f10x_hd.o(.text)
    TIM8_CC_IRQHandler                       0x08001beb   Thumb Code     0  startup_stm32f10x_hd.o(.text)
    TIM8_TRG_COM_IRQHandler                  0x08001beb   Thumb Code     0  startup_stm32f10x_hd.o(.text)
    TIM8_UP_IRQHandler                       0x08001beb   Thumb Code     0  startup_stm32f10x_hd.o(.text)
    UART4_IRQHandler                         0x08001beb   Thumb Code     0  startup_stm32f10x_hd.o(.text)
    UART5_IRQHandler                         0x08001beb   Thumb Code     0  startup_stm32f10x_hd.o(.text)
    USART2_IRQHandler                        0x08001beb   Thumb Code     0  startup_stm32f10x_hd.o(.text)
    USART3_IRQHandler                        0x08001beb   Thumb Code     0  startup_stm32f10x_hd.o(.text)
    USBWakeUp_IRQHandler                     0x08001beb   Thumb Code     0  startup_stm32f10x_hd.o(.text)
    USB_HP_CAN1_TX_IRQHandler                0x08001beb   Thumb Code     0  startup_stm32f10x_hd.o(.text)
    USB_LP_CAN1_RX0_IRQHandler               0x08001beb   Thumb Code     0  startup_stm32f10x_hd.o(.text)
    WWDG_IRQHandler                          0x08001beb   Thumb Code     0  startup_stm32f10x_hd.o(.text)
    __user_initial_stackheap                 0x08001bed   Thumb Code     0  startup_stm32f10x_hd.o(.text)
    NVIC_PriorityGroupConfig                 0x08001c11   Thumb Code    10  misc.o(.text)
    NVIC_Init                                0x08001c1b   Thumb Code   102  misc.o(.text)
    NVIC_SetVectorTable                      0x08001c81   Thumb Code    14  misc.o(.text)
    NVIC_SystemLPConfig                      0x08001c8f   Thumb Code    34  misc.o(.text)
    SysTick_CLKSourceConfig                  0x08001cb1   Thumb Code    40  misc.o(.text)
    GPIO_DeInit                              0x08001ced   Thumb Code   172  stm32f10x_gpio.o(.text)
    GPIO_AFIODeInit                          0x08001d99   Thumb Code    20  stm32f10x_gpio.o(.text)
    GPIO_Init                                0x08001dad   Thumb Code   274  stm32f10x_gpio.o(.text)
    GPIO_StructInit                          0x08001ebf   Thumb Code    16  stm32f10x_gpio.o(.text)
    GPIO_ReadInputDataBit                    0x08001ecf   Thumb Code    18  stm32f10x_gpio.o(.text)
    GPIO_ReadInputData                       0x08001ee1   Thumb Code     8  stm32f10x_gpio.o(.text)
    GPIO_ReadOutputDataBit                   0x08001ee9   Thumb Code    18  stm32f10x_gpio.o(.text)
    GPIO_ReadOutputData                      0x08001efb   Thumb Code     8  stm32f10x_gpio.o(.text)
    GPIO_SetBits                             0x08001f03   Thumb Code     4  stm32f10x_gpio.o(.text)
    GPIO_ResetBits                           0x08001f07   Thumb Code     4  stm32f10x_gpio.o(.text)
    GPIO_WriteBit                            0x08001f0b   Thumb Code    10  stm32f10x_gpio.o(.text)
    GPIO_Write                               0x08001f15   Thumb Code     4  stm32f10x_gpio.o(.text)
    GPIO_PinLockConfig                       0x08001f19   Thumb Code    18  stm32f10x_gpio.o(.text)
    GPIO_EventOutputConfig                   0x08001f2b   Thumb Code    26  stm32f10x_gpio.o(.text)
    GPIO_EventOutputCmd                      0x08001f45   Thumb Code     6  stm32f10x_gpio.o(.text)
    GPIO_PinRemapConfig                      0x08001f4b   Thumb Code   138  stm32f10x_gpio.o(.text)
    GPIO_EXTILineConfig                      0x08001fd5   Thumb Code    66  stm32f10x_gpio.o(.text)
    GPIO_ETH_MediaInterfaceConfig            0x08002017   Thumb Code     6  stm32f10x_gpio.o(.text)
    RCC_DeInit                               0x08002045   Thumb Code    64  stm32f10x_rcc.o(.text)
    RCC_HSEConfig                            0x08002085   Thumb Code    70  stm32f10x_rcc.o(.text)
    RCC_GetFlagStatus                        0x080020cb   Thumb Code    56  stm32f10x_rcc.o(.text)
    RCC_WaitForHSEStartUp                    0x08002103   Thumb Code    56  stm32f10x_rcc.o(.text)
    RCC_AdjustHSICalibrationValue            0x0800213b   Thumb Code    20  stm32f10x_rcc.o(.text)
    RCC_HSICmd                               0x0800214f   Thumb Code     6  stm32f10x_rcc.o(.text)
    RCC_PLLConfig                            0x08002155   Thumb Code    24  stm32f10x_rcc.o(.text)
    RCC_PLLCmd                               0x0800216d   Thumb Code     6  stm32f10x_rcc.o(.text)
    RCC_SYSCLKConfig                         0x08002173   Thumb Code    18  stm32f10x_rcc.o(.text)
    RCC_GetSYSCLKSource                      0x08002185   Thumb Code    10  stm32f10x_rcc.o(.text)
    RCC_HCLKConfig                           0x0800218f   Thumb Code    18  stm32f10x_rcc.o(.text)
    RCC_PCLK1Config                          0x080021a1   Thumb Code    18  stm32f10x_rcc.o(.text)
    RCC_PCLK2Config                          0x080021b3   Thumb Code    20  stm32f10x_rcc.o(.text)
    RCC_ITConfig                             0x080021c7   Thumb Code    26  stm32f10x_rcc.o(.text)
    RCC_USBCLKConfig                         0x080021e1   Thumb Code     6  stm32f10x_rcc.o(.text)
    RCC_ADCCLKConfig                         0x080021e7   Thumb Code    18  stm32f10x_rcc.o(.text)
    RCC_LSEConfig                            0x080021f9   Thumb Code    44  stm32f10x_rcc.o(.text)
    RCC_LSICmd                               0x08002225   Thumb Code     6  stm32f10x_rcc.o(.text)
    RCC_RTCCLKConfig                         0x0800222b   Thumb Code    12  stm32f10x_rcc.o(.text)
    RCC_RTCCLKCmd                            0x08002237   Thumb Code     8  stm32f10x_rcc.o(.text)
    RCC_GetClocksFreq                        0x0800223f   Thumb Code   192  stm32f10x_rcc.o(.text)
    RCC_AHBPeriphClockCmd                    0x080022ff   Thumb Code    26  stm32f10x_rcc.o(.text)
    RCC_APB2PeriphClockCmd                   0x08002319   Thumb Code    26  stm32f10x_rcc.o(.text)
    RCC_APB1PeriphClockCmd                   0x08002333   Thumb Code    26  stm32f10x_rcc.o(.text)
    RCC_APB2PeriphResetCmd                   0x0800234d   Thumb Code    26  stm32f10x_rcc.o(.text)
    RCC_APB1PeriphResetCmd                   0x08002367   Thumb Code    26  stm32f10x_rcc.o(.text)
    RCC_BackupResetCmd                       0x08002381   Thumb Code     8  stm32f10x_rcc.o(.text)
    RCC_ClockSecuritySystemCmd               0x08002389   Thumb Code     6  stm32f10x_rcc.o(.text)
    RCC_MCOConfig                            0x0800238f   Thumb Code     6  stm32f10x_rcc.o(.text)
    RCC_ClearFlag                            0x08002395   Thumb Code    14  stm32f10x_rcc.o(.text)
    RCC_GetITStatus                          0x080023a3   Thumb Code    20  stm32f10x_rcc.o(.text)
    RCC_ClearITPendingBit                    0x080023b7   Thumb Code     6  stm32f10x_rcc.o(.text)
    USART_DeInit                             0x080023e9   Thumb Code   134  stm32f10x_usart.o(.text)
    USART_Init                               0x0800246f   Thumb Code   210  stm32f10x_usart.o(.text)
    USART_StructInit                         0x08002541   Thumb Code    24  stm32f10x_usart.o(.text)
    USART_ClockInit                          0x08002559   Thumb Code    34  stm32f10x_usart.o(.text)
    USART_ClockStructInit                    0x0800257b   Thumb Code    12  stm32f10x_usart.o(.text)
    USART_Cmd                                0x08002587   Thumb Code    24  stm32f10x_usart.o(.text)
    USART_ITConfig                           0x0800259f   Thumb Code    74  stm32f10x_usart.o(.text)
    USART_DMACmd                             0x080025e9   Thumb Code    18  stm32f10x_usart.o(.text)
    USART_SetAddress                         0x080025fb   Thumb Code    18  stm32f10x_usart.o(.text)
    USART_WakeUpConfig                       0x0800260d   Thumb Code    18  stm32f10x_usart.o(.text)
    USART_ReceiverWakeUpCmd                  0x0800261f   Thumb Code    24  stm32f10x_usart.o(.text)
    USART_LINBreakDetectLengthConfig         0x08002637   Thumb Code    18  stm32f10x_usart.o(.text)
    USART_LINCmd                             0x08002649   Thumb Code    24  stm32f10x_usart.o(.text)
    USART_SendData                           0x08002661   Thumb Code     8  stm32f10x_usart.o(.text)
    USART_ReceiveData                        0x08002669   Thumb Code    10  stm32f10x_usart.o(.text)
    USART_SendBreak                          0x08002673   Thumb Code    10  stm32f10x_usart.o(.text)
    USART_SetGuardTime                       0x0800267d   Thumb Code    16  stm32f10x_usart.o(.text)
    USART_SetPrescaler                       0x0800268d   Thumb Code    16  stm32f10x_usart.o(.text)
    USART_SmartCardCmd                       0x0800269d   Thumb Code    24  stm32f10x_usart.o(.text)
    USART_SmartCardNACKCmd                   0x080026b5   Thumb Code    24  stm32f10x_usart.o(.text)
    USART_HalfDuplexCmd                      0x080026cd   Thumb Code    24  stm32f10x_usart.o(.text)
    USART_OverSampling8Cmd                   0x080026e5   Thumb Code    22  stm32f10x_usart.o(.text)
    USART_OneBitMethodCmd                    0x080026fb   Thumb Code    24  stm32f10x_usart.o(.text)
    USART_IrDAConfig                         0x08002713   Thumb Code    18  stm32f10x_usart.o(.text)
    USART_IrDACmd                            0x08002725   Thumb Code    24  stm32f10x_usart.o(.text)
    USART_GetFlagStatus                      0x0800273d   Thumb Code    26  stm32f10x_usart.o(.text)
    USART_ClearFlag                          0x08002757   Thumb Code    18  stm32f10x_usart.o(.text)
    USART_GetITStatus                        0x08002769   Thumb Code    84  stm32f10x_usart.o(.text)
    USART_ClearITPendingBit                  0x080027bd   Thumb Code    52  stm32f10x_usart.o(.text)
    ADC_DeInit                               0x080027f1   Thumb Code    78  stm32f10x_adc.o(.text)
    ADC_Init                                 0x0800283f   Thumb Code    70  stm32f10x_adc.o(.text)
    ADC_StructInit                           0x08002885   Thumb Code    18  stm32f10x_adc.o(.text)
    ADC_Cmd                                  0x08002897   Thumb Code    22  stm32f10x_adc.o(.text)
    ADC_DMACmd                               0x080028ad   Thumb Code    22  stm32f10x_adc.o(.text)
    ADC_ITConfig                             0x080028c3   Thumb Code    24  stm32f10x_adc.o(.text)
    ADC_ResetCalibration                     0x080028db   Thumb Code    10  stm32f10x_adc.o(.text)
    ADC_GetResetCalibrationStatus            0x080028e5   Thumb Code    20  stm32f10x_adc.o(.text)
    ADC_StartCalibration                     0x080028f9   Thumb Code    10  stm32f10x_adc.o(.text)
    ADC_GetCalibrationStatus                 0x08002903   Thumb Code    20  stm32f10x_adc.o(.text)
    ADC_SoftwareStartConvCmd                 0x08002917   Thumb Code    22  stm32f10x_adc.o(.text)
    ADC_GetSoftwareStartConvStatus           0x0800292d   Thumb Code    20  stm32f10x_adc.o(.text)
    ADC_DiscModeChannelCountConfig           0x08002941   Thumb Code    24  stm32f10x_adc.o(.text)
    ADC_DiscModeCmd                          0x08002959   Thumb Code    22  stm32f10x_adc.o(.text)
    ADC_RegularChannelConfig                 0x0800296f   Thumb Code   184  stm32f10x_adc.o(.text)
    ADC_ExternalTrigConvCmd                  0x08002a27   Thumb Code    22  stm32f10x_adc.o(.text)
    ADC_GetConversionValue                   0x08002a3d   Thumb Code     8  stm32f10x_adc.o(.text)
    ADC_GetDualModeConversionValue           0x08002a45   Thumb Code     8  stm32f10x_adc.o(.text)
    ADC_AutoInjectedConvCmd                  0x08002a4d   Thumb Code    22  stm32f10x_adc.o(.text)
    ADC_InjectedDiscModeCmd                  0x08002a63   Thumb Code    22  stm32f10x_adc.o(.text)
    ADC_ExternalTrigInjectedConvConfig       0x08002a79   Thumb Code    16  stm32f10x_adc.o(.text)
    ADC_ExternalTrigInjectedConvCmd          0x08002a89   Thumb Code    22  stm32f10x_adc.o(.text)
    ADC_SoftwareStartInjectedConvCmd         0x08002a9f   Thumb Code    22  stm32f10x_adc.o(.text)
    ADC_GetSoftwareStartInjectedConvCmdStatus 0x08002ab5   Thumb Code    20  stm32f10x_adc.o(.text)
    ADC_InjectedChannelConfig                0x08002ac9   Thumb Code   130  stm32f10x_adc.o(.text)
    ADC_InjectedSequencerLengthConfig        0x08002b4b   Thumb Code    24  stm32f10x_adc.o(.text)
    ADC_SetInjectedOffset                    0x08002b63   Thumb Code    20  stm32f10x_adc.o(.text)
    ADC_GetInjectedConversionValue           0x08002b77   Thumb Code    28  stm32f10x_adc.o(.text)
    ADC_AnalogWatchdogCmd                    0x08002b93   Thumb Code    16  stm32f10x_adc.o(.text)
    ADC_AnalogWatchdogThresholdsConfig       0x08002ba3   Thumb Code     6  stm32f10x_adc.o(.text)
    ADC_AnalogWatchdogSingleChannelConfig    0x08002ba9   Thumb Code    16  stm32f10x_adc.o(.text)
    ADC_TempSensorVrefintCmd                 0x08002bb9   Thumb Code    64  stm32f10x_adc.o(.text)
    ADC_GetFlagStatus                        0x08002bf9   Thumb Code    18  stm32f10x_adc.o(.text)
    ADC_ClearFlag                            0x08002c0b   Thumb Code     6  stm32f10x_adc.o(.text)
    ADC_GetITStatus                          0x08002c11   Thumb Code    36  stm32f10x_adc.o(.text)
    ADC_ClearITPendingBit                    0x08002c35   Thumb Code    10  stm32f10x_adc.o(.text)
    TIM_DeInit                               0x08002c41   Thumb Code   424  stm32f10x_tim.o(.text)
    TIM_TimeBaseInit                         0x08002de9   Thumb Code   122  stm32f10x_tim.o(.text)
    TIM_OC1Init                              0x08002e63   Thumb Code   132  stm32f10x_tim.o(.text)
    TIM_OC2Init                              0x08002ee7   Thumb Code   154  stm32f10x_tim.o(.text)
    TIM_OC3Init                              0x08002f81   Thumb Code   150  stm32f10x_tim.o(.text)
    TIM_OC4Init                              0x08003017   Thumb Code   182  stm32f10x_tim.o(.text)
    TIM_SetIC4Prescaler                      0x080030cd   Thumb Code    26  stm32f10x_tim.o(.text)
    TIM_SetIC3Prescaler                      0x08003169   Thumb Code    18  stm32f10x_tim.o(.text)
    TIM_SetIC2Prescaler                      0x080031f5   Thumb Code    26  stm32f10x_tim.o(.text)
    TIM_SetIC1Prescaler                      0x08003291   Thumb Code    18  stm32f10x_tim.o(.text)
    TIM_ICInit                               0x0800330f   Thumb Code   150  stm32f10x_tim.o(.text)
    TIM_PWMIConfig                           0x080033a5   Thumb Code   124  stm32f10x_tim.o(.text)
    TIM_BDTRConfig                           0x08003421   Thumb Code    32  stm32f10x_tim.o(.text)
    TIM_TimeBaseStructInit                   0x08003441   Thumb Code    18  stm32f10x_tim.o(.text)
    TIM_OCStructInit                         0x08003453   Thumb Code    20  stm32f10x_tim.o(.text)
    TIM_ICStructInit                         0x08003467   Thumb Code    18  stm32f10x_tim.o(.text)
    TIM_BDTRStructInit                       0x08003479   Thumb Code    40  stm32f10x_tim.o(.text)
    TIM_Cmd                                  0x080034a1   Thumb Code    24  stm32f10x_tim.o(.text)
    TIM_CtrlPWMOutputs                       0x080034b9   Thumb Code    30  stm32f10x_tim.o(.text)
    TIM_ITConfig                             0x080034d7   Thumb Code    18  stm32f10x_tim.o(.text)
    TIM_GenerateEvent                        0x080034e9   Thumb Code     4  stm32f10x_tim.o(.text)
    TIM_DMAConfig                            0x080034ed   Thumb Code    10  stm32f10x_tim.o(.text)
    TIM_DMACmd                               0x080034f7   Thumb Code    18  stm32f10x_tim.o(.text)
    TIM_InternalClockConfig                  0x08003509   Thumb Code    12  stm32f10x_tim.o(.text)
    TIM_SelectInputTrigger                   0x08003515   Thumb Code    18  stm32f10x_tim.o(.text)
    TIM_ITRxExternalClockConfig              0x08003527   Thumb Code    24  stm32f10x_tim.o(.text)
    TIM_TIxExternalClockConfig               0x0800353f   Thumb Code    62  stm32f10x_tim.o(.text)
    TIM_ETRConfig                            0x0800357d   Thumb Code    28  stm32f10x_tim.o(.text)
    TIM_ETRClockMode1Config                  0x08003599   Thumb Code    54  stm32f10x_tim.o(.text)
    TIM_ETRClockMode2Config                  0x080035cf   Thumb Code    32  stm32f10x_tim.o(.text)
    TIM_PrescalerConfig                      0x080035ef   Thumb Code     6  stm32f10x_tim.o(.text)
    TIM_CounterModeConfig                    0x080035f5   Thumb Code    18  stm32f10x_tim.o(.text)
    TIM_EncoderInterfaceConfig               0x08003607   Thumb Code    66  stm32f10x_tim.o(.text)
    TIM_ForcedOC1Config                      0x08003649   Thumb Code    18  stm32f10x_tim.o(.text)
    TIM_ForcedOC2Config                      0x0800365b   Thumb Code    26  stm32f10x_tim.o(.text)
    TIM_ForcedOC3Config                      0x08003675   Thumb Code    18  stm32f10x_tim.o(.text)
    TIM_ForcedOC4Config                      0x08003687   Thumb Code    26  stm32f10x_tim.o(.text)
    TIM_ARRPreloadConfig                     0x080036a1   Thumb Code    24  stm32f10x_tim.o(.text)
    TIM_SelectCOM                            0x080036b9   Thumb Code    24  stm32f10x_tim.o(.text)
    TIM_SelectCCDMA                          0x080036d1   Thumb Code    24  stm32f10x_tim.o(.text)
    TIM_CCPreloadControl                     0x080036e9   Thumb Code    24  stm32f10x_tim.o(.text)
    TIM_OC1PreloadConfig                     0x08003701   Thumb Code    18  stm32f10x_tim.o(.text)
    TIM_OC2PreloadConfig                     0x08003713   Thumb Code    26  stm32f10x_tim.o(.text)
    TIM_OC3PreloadConfig                     0x0800372d   Thumb Code    18  stm32f10x_tim.o(.text)
    TIM_OC4PreloadConfig                     0x0800373f   Thumb Code    26  stm32f10x_tim.o(.text)
    TIM_OC1FastConfig                        0x08003759   Thumb Code    18  stm32f10x_tim.o(.text)
    TIM_OC2FastConfig                        0x0800376b   Thumb Code    26  stm32f10x_tim.o(.text)
    TIM_OC3FastConfig                        0x08003785   Thumb Code    18  stm32f10x_tim.o(.text)
    TIM_OC4FastConfig                        0x08003797   Thumb Code    26  stm32f10x_tim.o(.text)
    TIM_ClearOC1Ref                          0x080037b1   Thumb Code    18  stm32f10x_tim.o(.text)
    TIM_ClearOC2Ref                          0x080037c3   Thumb Code    24  stm32f10x_tim.o(.text)
    TIM_ClearOC3Ref                          0x080037db   Thumb Code    18  stm32f10x_tim.o(.text)
    TIM_ClearOC4Ref                          0x080037ed   Thumb Code    24  stm32f10x_tim.o(.text)
    TIM_OC1PolarityConfig                    0x08003805   Thumb Code    18  stm32f10x_tim.o(.text)
    TIM_OC1NPolarityConfig                   0x08003817   Thumb Code    18  stm32f10x_tim.o(.text)
    TIM_OC2PolarityConfig                    0x08003829   Thumb Code    26  stm32f10x_tim.o(.text)
    TIM_OC2NPolarityConfig                   0x08003843   Thumb Code    26  stm32f10x_tim.o(.text)
    TIM_OC3PolarityConfig                    0x0800385d   Thumb Code    26  stm32f10x_tim.o(.text)
    TIM_OC3NPolarityConfig                   0x08003877   Thumb Code    26  stm32f10x_tim.o(.text)
    TIM_OC4PolarityConfig                    0x08003891   Thumb Code    26  stm32f10x_tim.o(.text)
    TIM_CCxCmd                               0x080038ab   Thumb Code    30  stm32f10x_tim.o(.text)
    TIM_CCxNCmd                              0x080038c9   Thumb Code    30  stm32f10x_tim.o(.text)
    TIM_SelectOCxM                           0x080038e7   Thumb Code    82  stm32f10x_tim.o(.text)
    TIM_UpdateDisableConfig                  0x08003939   Thumb Code    24  stm32f10x_tim.o(.text)
    TIM_UpdateRequestConfig                  0x08003951   Thumb Code    24  stm32f10x_tim.o(.text)
    TIM_SelectHallSensor                     0x08003969   Thumb Code    24  stm32f10x_tim.o(.text)
    TIM_SelectOnePulseMode                   0x08003981   Thumb Code    18  stm32f10x_tim.o(.text)
    TIM_SelectOutputTrigger                  0x08003993   Thumb Code    18  stm32f10x_tim.o(.text)
    TIM_SelectSlaveMode                      0x080039a5   Thumb Code    18  stm32f10x_tim.o(.text)
    TIM_SelectMasterSlaveMode                0x080039b7   Thumb Code    18  stm32f10x_tim.o(.text)
    TIM_SetCounter                           0x080039c9   Thumb Code     4  stm32f10x_tim.o(.text)
    TIM_SetAutoreload                        0x080039cd   Thumb Code     4  stm32f10x_tim.o(.text)
    TIM_SetCompare1                          0x080039d1   Thumb Code     4  stm32f10x_tim.o(.text)
    TIM_SetCompare2                          0x080039d5   Thumb Code     4  stm32f10x_tim.o(.text)
    TIM_SetCompare3                          0x080039d9   Thumb Code     4  stm32f10x_tim.o(.text)
    TIM_SetCompare4                          0x080039dd   Thumb Code     6  stm32f10x_tim.o(.text)
    TIM_SetClockDivision                     0x080039e3   Thumb Code    18  stm32f10x_tim.o(.text)
    TIM_GetCapture1                          0x080039f5   Thumb Code     6  stm32f10x_tim.o(.text)
    TIM_GetCapture2                          0x080039fb   Thumb Code     6  stm32f10x_tim.o(.text)
    TIM_GetCapture3                          0x08003a01   Thumb Code     6  stm32f10x_tim.o(.text)
    TIM_GetCapture4                          0x08003a07   Thumb Code     8  stm32f10x_tim.o(.text)
    TIM_GetCounter                           0x08003a0f   Thumb Code     6  stm32f10x_tim.o(.text)
    TIM_GetPrescaler                         0x08003a15   Thumb Code     6  stm32f10x_tim.o(.text)
    TIM_GetFlagStatus                        0x08003a1b   Thumb Code    18  stm32f10x_tim.o(.text)
    TIM_ClearFlag                            0x08003a2d   Thumb Code     6  stm32f10x_tim.o(.text)
    TIM_GetITStatus                          0x08003a33   Thumb Code    34  stm32f10x_tim.o(.text)
    TIM_ClearITPendingBit                    0x08003a55   Thumb Code     6  stm32f10x_tim.o(.text)
    __use_no_semihosting                     0x08003a5b   Thumb Code     2  use_no_semi_2.o(.text)
    __2printf                                0x08003a5d   Thumb Code    20  noretval__2printf.o(.text)
    __printf                                 0x08003a75   Thumb Code   104  __printf.o(.text)
    _printf_int_dec                          0x08003add   Thumb Code   102  _printf_dec.o(.text)
    __use_two_region_memory                  0x08003b55   Thumb Code     2  heapauxi.o(.text)
    __rt_heap_escrow$2region                 0x08003b57   Thumb Code     2  heapauxi.o(.text)
    __rt_heap_expand$2region                 0x08003b59   Thumb Code     2  heapauxi.o(.text)
    __I$use$semihosting                      0x08003b5b   Thumb Code     0  use_no_semi.o(.text)
    __use_no_semihosting_swi                 0x08003b5b   Thumb Code     2  use_no_semi.o(.text)
    _printf_int_common                       0x08003b5d   Thumb Code   184  _printf_intcommon.o(.text)
    _printf_char_file                        0x08003c15   Thumb Code    32  _printf_char_file.o(.text)
    _printf_char_common                      0x08003c43   Thumb Code    32  _printf_char_common.o(.text)
    ferror                                   0x08003c69   Thumb Code     8  ferror.o(.text)
    __user_setup_stackheap                   0x08003c71   Thumb Code    74  sys_stackheap_outer.o(.text)
    exit                                     0x08003cbb   Thumb Code    12  exit.o(.text)
    __user_libspace                          0x08003cc9   Thumb Code     8  libspace.o(.text)
    __user_perproc_libspace                  0x08003cc9   Thumb Code     0  libspace.o(.text)
    __user_perthread_libspace                0x08003cc9   Thumb Code     0  libspace.o(.text)
    __aeabi_d2f                              0x08003cd1   Thumb Code     0  d2f.o(x$fpl$d2f)
    _d2f                                     0x08003cd1   Thumb Code    98  d2f.o(x$fpl$d2f)
    __aeabi_d2iz                             0x08003d35   Thumb Code     0  dfix.o(x$fpl$dfix)
    _dfix                                    0x08003d35   Thumb Code    94  dfix.o(x$fpl$dfix)
    __aeabi_ui2d                             0x08003d93   Thumb Code     0  dflt_clz.o(x$fpl$dfltu)
    _dfltu                                   0x08003d93   Thumb Code    38  dflt_clz.o(x$fpl$dfltu)
    __aeabi_dmul                             0x08003db9   Thumb Code     0  dmul.o(x$fpl$dmul)
    _dmul                                    0x08003db9   Thumb Code   332  dmul.o(x$fpl$dmul)
    __fpl_dnaninf                            0x08003f0d   Thumb Code   156  dnaninf.o(x$fpl$dnaninf)
    __fpl_dretinf                            0x08003fa9   Thumb Code    12  dretinf.o(x$fpl$dretinf)
    __aeabi_f2d                              0x08003fb5   Thumb Code     0  f2d.o(x$fpl$f2d)
    _f2d                                     0x08003fb5   Thumb Code    86  f2d.o(x$fpl$f2d)
    __fpl_fcmp_Inf                           0x0800400b   Thumb Code    24  fcmpi.o(x$fpl$fcmpinf)
    __aeabi_cfcmpeq                          0x08004025   Thumb Code     0  feqf.o(x$fpl$feqf)
    _fcmpeq                                  0x08004025   Thumb Code   104  feqf.o(x$fpl$feqf)
    __aeabi_f2iz                             0x0800408d   Thumb Code     0  ffix.o(x$fpl$ffix)
    _ffix                                    0x0800408d   Thumb Code    54  ffix.o(x$fpl$ffix)
    __aeabi_f2uiz                            0x080040c5   Thumb Code     0  ffixu.o(x$fpl$ffixu)
    _ffixu                                   0x080040c5   Thumb Code    62  ffixu.o(x$fpl$ffixu)
    __aeabi_i2f                              0x08004105   Thumb Code     0  fflt_clz.o(x$fpl$fflt)
    _fflt                                    0x08004105   Thumb Code    48  fflt_clz.o(x$fpl$fflt)
    __aeabi_fmul                             0x08004135   Thumb Code     0  fmul.o(x$fpl$fmul)
    _fmul                                    0x08004135   Thumb Code   258  fmul.o(x$fpl$fmul)
    __fpl_fnaninf                            0x08004237   Thumb Code   140  fnaninf.o(x$fpl$fnaninf)
    __fpl_fretinf                            0x080042c3   Thumb Code    10  fretinf.o(x$fpl$fretinf)
    Region$$Table$$Base                      0x080042cc   Number         0  anon$$obj.o(Region$$Table)
    __I$use$fp                               0x080042cc   Number         0  usenofp.o(x$fpl$usenofp)
    Region$$Table$$Limit                     0x080042ec   Number         0  anon$$obj.o(Region$$Table)
    flag                                     0x20000000   Data           1  main.o(.data)
    adcx                                     0x20000002   Data           2  main.o(.data)
    adcx1                                    0x20000004   Data           2  main.o(.data)
    adcx2                                    0x20000006   Data           2  main.o(.data)
    temperature                              0x20000008   Data           2  main.o(.data)
    humidity                                 0x2000000a   Data           1  main.o(.data)
    temp                                     0x2000000c   Data           4  main.o(.data)
    temp1                                    0x20000010   Data           4  main.o(.data)
    SystemCoreClock                          0x20000014   Data           4  system_stm32f10x.o(.data)
    AHBPrescTable                            0x20000018   Data          16  system_stm32f10x.o(.data)
    flag1                                    0x20000028   Data           1  key.o(.data)
    flag2                                    0x20000029   Data           1  key.o(.data)
    flag3                                    0x2000002a   Data           1  key.o(.data)
    times                                    0x2000002b   Data           1  key.o(.data)
    times_last                               0x2000002c   Data           1  key.o(.data)
    times1                                   0x2000002d   Data           1  key.o(.data)
    times_last1                              0x2000002e   Data           1  key.o(.data)
    temperature_0                            0x20000030   Data           4  key.o(.data)
    temperature_1                            0x20000034   Data           4  key.o(.data)
    humidity_1                               0x20000038   Data           4  key.o(.data)
    humidity_0                               0x2000003c   Data           4  key.o(.data)
    liumination_1                            0x20000040   Data           4  key.o(.data)
    anqi                                     0x20000044   Data           4  key.o(.data)
    anqi_0                                   0x20000048   Data           4  key.o(.data)
    youhai                                   0x2000004c   Data           4  key.o(.data)
    youhai_0                                 0x20000050   Data           4  key.o(.data)
    flag_13                                  0x20000054   Data           4  key.o(.data)
    data2                                    0x20000058   Data          10  key.o(.data)
    tin                                      0x20000062   Data           1  key.o(.data)
    kai                                      0x20000063   Data           1  key.o(.data)
    table                                    0x20000064   Data          10  key.o(.data)
    sum2                                     0x20000070   Data           4  key.o(.data)
    falg_z                                   0x20000074   Data           4  key.o(.data)
    sum                                      0x200000b8   Data           4  key.o(.data)
    sum3                                     0x200000bc   Data           4  key.o(.data)
    ms10                                     0x200000c0   Data           1  timer.o(.data)
    ms100                                    0x200000c1   Data           1  timer.o(.data)
    ms50                                     0x200000c2   Data           1  timer.o(.data)
    ms50_flag                                0x200000c3   Data           1  timer.o(.data)
    USART_RX_STA                             0x200000c8   Data           2  usart.o(.data)
    Res                                      0x200000ca   Data           1  usart.o(.data)
    __stdout                                 0x200000cc   Data           4  usart.o(.data)
    key                                      0x200000e4   Data          16  key.o(.bss)
    USART_RX_BUF                             0x200000f4   Data         200  usart.o(.bss)
    __libspace_start                         0x200001bc   Data          96  libspace.o(.bss)
    __temporary_stack_top$libspace           0x2000021c   Data           0  libspace.o(.bss)



==============================================================================

Memory Map of the image

  Image Entry point : 0x08000131

  Load Region LR_IROM1 (Base: 0x08000000, Size: 0x000043d0, Max: 0x00080000, ABSOLUTE)

    Execution Region ER_IROM1 (Base: 0x08000000, Size: 0x000042ec, Max: 0x00080000, ABSOLUTE)

    Base Addr    Size         Type   Attr      Idx    E Section Name        Object

    0x08000000   0x00000130   Data   RO          357    RESET               startup_stm32f10x_hd.o
    0x08000130   0x00000008   Code   RO          484  * !!!main             c_w.l(__main.o)
    0x08000138   0x00000034   Code   RO          712    !!!scatter          c_w.l(__scatter.o)
    0x0800016c   0x0000001a   Code   RO          714    !!handler_copy      c_w.l(__scatter_copy.o)
    0x08000186   0x00000002   PAD
    0x08000188   0x0000001c   Code   RO          716    !!handler_zi        c_w.l(__scatter_zi.o)
    0x080001a4   0x00000000   Code   RO          481    .ARM.Collect$$_printf_percent$$00000000  c_w.l(_printf_percent.o)
    0x080001a4   0x00000006   Code   RO          480    .ARM.Collect$$_printf_percent$$00000009  c_w.l(_printf_d.o)
    0x080001aa   0x00000004   Code   RO          541    .ARM.Collect$$_printf_percent$$00000017  c_w.l(_printf_percent_end.o)
    0x080001ae   0x00000002   Code   RO          589    .ARM.Collect$$libinit$$00000000  c_w.l(libinit.o)
    0x080001b0   0x00000000   Code   RO          596    .ARM.Collect$$libinit$$00000002  c_w.l(libinit2.o)
    0x080001b0   0x00000000   Code   RO          599    .ARM.Collect$$libinit$$00000008  c_w.l(libinit2.o)
    0x080001b0   0x00000000   Code   RO          601    .ARM.Collect$$libinit$$0000000A  c_w.l(libinit2.o)
    0x080001b0   0x00000000   Code   RO          603    .ARM.Collect$$libinit$$0000000C  c_w.l(libinit2.o)
    0x080001b0   0x00000000   Code   RO          606    .ARM.Collect$$libinit$$0000000F  c_w.l(libinit2.o)
    0x080001b0   0x00000000   Code   RO          608    .ARM.Collect$$libinit$$00000011  c_w.l(libinit2.o)
    0x080001b0   0x00000000   Code   RO          610    .ARM.Collect$$libinit$$00000013  c_w.l(libinit2.o)
    0x080001b0   0x00000000   Code   RO          612    .ARM.Collect$$libinit$$00000015  c_w.l(libinit2.o)
    0x080001b0   0x00000000   Code   RO          614    .ARM.Collect$$libinit$$00000017  c_w.l(libinit2.o)
    0x080001b0   0x00000000   Code   RO          616    .ARM.Collect$$libinit$$00000019  c_w.l(libinit2.o)
    0x080001b0   0x00000000   Code   RO          618    .ARM.Collect$$libinit$$0000001B  c_w.l(libinit2.o)
    0x080001b0   0x00000000   Code   RO          620    .ARM.Collect$$libinit$$0000001D  c_w.l(libinit2.o)
    0x080001b0   0x00000000   Code   RO          622    .ARM.Collect$$libinit$$0000001F  c_w.l(libinit2.o)
    0x080001b0   0x00000000   Code   RO          624    .ARM.Collect$$libinit$$00000021  c_w.l(libinit2.o)
    0x080001b0   0x00000000   Code   RO          626    .ARM.Collect$$libinit$$00000023  c_w.l(libinit2.o)
    0x080001b0   0x00000000   Code   RO          630    .ARM.Collect$$libinit$$0000002A  c_w.l(libinit2.o)
    0x080001b0   0x00000000   Code   RO          632    .ARM.Collect$$libinit$$0000002C  c_w.l(libinit2.o)
    0x080001b0   0x00000000   Code   RO          634    .ARM.Collect$$libinit$$0000002E  c_w.l(libinit2.o)
    0x080001b0   0x00000000   Code   RO          636    .ARM.Collect$$libinit$$00000030  c_w.l(libinit2.o)
    0x080001b0   0x00000002   Code   RO          637    .ARM.Collect$$libinit$$00000031  c_w.l(libinit2.o)
    0x080001b2   0x00000002   Code   RO          655    .ARM.Collect$$libshutdown$$00000000  c_w.l(libshutdown.o)
    0x080001b4   0x00000000   Code   RO          666    .ARM.Collect$$libshutdown$$00000003  c_w.l(libshutdown2.o)
    0x080001b4   0x00000000   Code   RO          669    .ARM.Collect$$libshutdown$$00000006  c_w.l(libshutdown2.o)
    0x080001b4   0x00000000   Code   RO          672    .ARM.Collect$$libshutdown$$00000009  c_w.l(libshutdown2.o)
    0x080001b4   0x00000000   Code   RO          674    .ARM.Collect$$libshutdown$$0000000B  c_w.l(libshutdown2.o)
    0x080001b4   0x00000000   Code   RO          677    .ARM.Collect$$libshutdown$$0000000E  c_w.l(libshutdown2.o)
    0x080001b4   0x00000002   Code   RO          678    .ARM.Collect$$libshutdown$$0000000F  c_w.l(libshutdown2.o)
    0x080001b6   0x00000000   Code   RO          536    .ARM.Collect$$rtentry$$00000000  c_w.l(rtentry.o)
    0x080001b6   0x00000000   Code   RO          556    .ARM.Collect$$rtentry$$00000002  c_w.l(rtentry2.o)
    0x080001b6   0x00000006   Code   RO          568    .ARM.Collect$$rtentry$$00000004  c_w.l(rtentry4.o)
    0x080001bc   0x00000000   Code   RO          558    .ARM.Collect$$rtentry$$00000009  c_w.l(rtentry2.o)
    0x080001bc   0x00000004   Code   RO          559    .ARM.Collect$$rtentry$$0000000A  c_w.l(rtentry2.o)
    0x080001c0   0x00000000   Code   RO          561    .ARM.Collect$$rtentry$$0000000C  c_w.l(rtentry2.o)
    0x080001c0   0x00000008   Code   RO          562    .ARM.Collect$$rtentry$$0000000D  c_w.l(rtentry2.o)
    0x080001c8   0x00000002   Code   RO          593    .ARM.Collect$$rtexit$$00000000  c_w.l(rtexit.o)
    0x080001ca   0x00000000   Code   RO          639    .ARM.Collect$$rtexit$$00000002  c_w.l(rtexit2.o)
    0x080001ca   0x00000004   Code   RO          640    .ARM.Collect$$rtexit$$00000003  c_w.l(rtexit2.o)
    0x080001ce   0x00000006   Code   RO          641    .ARM.Collect$$rtexit$$00000004  c_w.l(rtexit2.o)
    0x080001d4   0x00000098   Code   RO            1    .text               main.o
    0x0800026c   0x0000001a   Code   RO           96    .text               stm32f10x_it.o
    0x08000286   0x00000002   PAD
    0x08000288   0x000001dc   Code   RO          131    .text               system_stm32f10x.o
    0x08000464   0x0000016c   Code   RO          149    .text               led.o
    0x080005d0   0x0000076c   Code   RO          161    .text               key.o
    0x08000d3c   0x0000025c   Code   RO          185    .text               lcd.o
    0x08000f98   0x00000194   Code   RO          197    .text               dht11.o
    0x0800112c   0x000000e8   Code   RO          209    .text               adc.o
    0x08001214   0x00000164   Code   RO          221    .text               timer.o
    0x08001378   0x000001d8   Code   RO          244    .text               voice.o
    0x08001550   0x0000026c   Code   RO          260    .text               ds18b20.o
    0x080017bc   0x000000d0   Code   RO          291    .text               delay.o
    0x0800188c   0x0000000c   Code   RO          305    .text               sys.o
    0x08001898   0x00000338   Code   RO          317    .text               usart.o
    0x08001bd0   0x00000040   Code   RO          358    .text               startup_stm32f10x_hd.o
    0x08001c10   0x000000dc   Code   RO          362    .text               misc.o
    0x08001cec   0x00000358   Code   RO          386    .text               stm32f10x_gpio.o
    0x08002044   0x000003a4   Code   RO          398    .text               stm32f10x_rcc.o
    0x080023e8   0x00000408   Code   RO          412    .text               stm32f10x_usart.o
    0x080027f0   0x0000044e   Code   RO          424    .text               stm32f10x_adc.o
    0x08002c3e   0x00000002   PAD
    0x08002c40   0x00000e1a   Code   RO          436    .text               stm32f10x_tim.o
    0x08003a5a   0x00000002   Code   RO          450    .text               c_w.l(use_no_semi_2.o)
    0x08003a5c   0x00000018   Code   RO          454    .text               c_w.l(noretval__2printf.o)
    0x08003a74   0x00000068   Code   RO          456    .text               c_w.l(__printf.o)
    0x08003adc   0x00000078   Code   RO          458    .text               c_w.l(_printf_dec.o)
    0x08003b54   0x00000006   Code   RO          482    .text               c_w.l(heapauxi.o)
    0x08003b5a   0x00000002   Code   RO          534    .text               c_w.l(use_no_semi.o)
    0x08003b5c   0x000000b8   Code   RO          537    .text               c_w.l(_printf_intcommon.o)
    0x08003c14   0x00000024   Code   RO          539    .text               c_w.l(_printf_char_file.o)
    0x08003c38   0x00000030   Code   RO          570    .text               c_w.l(_printf_char_common.o)
    0x08003c68   0x00000008   Code   RO          572    .text               c_w.l(ferror.o)
    0x08003c70   0x0000004a   Code   RO          578    .text               c_w.l(sys_stackheap_outer.o)
    0x08003cba   0x0000000c   Code   RO          582    .text               c_w.l(exit.o)
    0x08003cc6   0x00000002   PAD
    0x08003cc8   0x00000008   Code   RO          590    .text               c_w.l(libspace.o)
    0x08003cd0   0x00000062   Code   RO          486    x$fpl$d2f           fz_ws.l(d2f.o)
    0x08003d32   0x00000002   PAD
    0x08003d34   0x0000005e   Code   RO          494    x$fpl$dfix          fz_ws.l(dfix.o)
    0x08003d92   0x00000026   Code   RO          498    x$fpl$dfltu         fz_ws.l(dflt_clz.o)
    0x08003db8   0x00000154   Code   RO          504    x$fpl$dmul          fz_ws.l(dmul.o)
    0x08003f0c   0x0000009c   Code   RO          544    x$fpl$dnaninf       fz_ws.l(dnaninf.o)
    0x08003fa8   0x0000000c   Code   RO          546    x$fpl$dretinf       fz_ws.l(dretinf.o)
    0x08003fb4   0x00000056   Code   RO          508    x$fpl$f2d           fz_ws.l(f2d.o)
    0x0800400a   0x00000018   Code   RO          548    x$fpl$fcmpinf       fz_ws.l(fcmpi.o)
    0x08004022   0x00000002   PAD
    0x08004024   0x00000068   Code   RO          516    x$fpl$feqf          fz_ws.l(feqf.o)
    0x0800408c   0x00000036   Code   RO          518    x$fpl$ffix          fz_ws.l(ffix.o)
    0x080040c2   0x00000002   PAD
    0x080040c4   0x0000003e   Code   RO          522    x$fpl$ffixu         fz_ws.l(ffixu.o)
    0x08004102   0x00000002   PAD
    0x08004104   0x00000030   Code   RO          527    x$fpl$fflt          fz_ws.l(fflt_clz.o)
    0x08004134   0x00000102   Code   RO          532    x$fpl$fmul          fz_ws.l(fmul.o)
    0x08004236   0x0000008c   Code   RO          550    x$fpl$fnaninf       fz_ws.l(fnaninf.o)
    0x080042c2   0x0000000a   Code   RO          552    x$fpl$fretinf       fz_ws.l(fretinf.o)
    0x080042cc   0x00000000   Code   RO          554    x$fpl$usenofp       fz_ws.l(usenofp.o)
    0x080042cc   0x00000020   Data   RO          710    Region$$Table       anon$$obj.o


    Execution Region RW_IRAM1 (Base: 0x20000000, Size: 0x00000820, Max: 0x00010000, ABSOLUTE)

    Base Addr    Size         Type   Attr      Idx    E Section Name        Object

    0x20000000   0x00000014   Data   RW            2    .data               main.o
    0x20000014   0x00000014   Data   RW          132    .data               system_stm32f10x.o
    0x20000028   0x00000098   Data   RW          163    .data               key.o
    0x200000c0   0x00000004   Data   RW          222    .data               timer.o
    0x200000c4   0x00000004   Data   RW          292    .data               delay.o
    0x200000c8   0x00000008   Data   RW          319    .data               usart.o
    0x200000d0   0x00000014   Data   RW          399    .data               stm32f10x_rcc.o
    0x200000e4   0x00000010   Zero   RW          162    .bss                key.o
    0x200000f4   0x000000c8   Zero   RW          318    .bss                usart.o
    0x200001bc   0x00000060   Zero   RW          591    .bss                c_w.l(libspace.o)
    0x2000021c   0x00000004   PAD
    0x20000220   0x00000200   Zero   RW          356    HEAP                startup_stm32f10x_hd.o
    0x20000420   0x00000400   Zero   RW          355    STACK               startup_stm32f10x_hd.o


==============================================================================

Image component sizes


      Code (inc. data)   RO Data    RW Data    ZI Data      Debug   Object Name

       232          8          0          0          0       1019   adc.o
         0          0          0          0          0         32   core_cm3.o
       208         18          0          4          0        919   delay.o
       404         16          0          0          0       1982   dht11.o
       620         20          0          0          0       2158   ds18b20.o
      1900        356          0        152         16       3635   key.o
       604          8          0          0          0       2241   lcd.o
       364         26          0          0          0       1083   led.o
       152         36          0         20          0     262035   main.o
       220         20          0          0          0       1697   misc.o
        64         26        304          0       1536        720   startup_stm32f10x_hd.o
      1102         26          0          0          0      10733   stm32f10x_adc.o
       856         40          0          0          0       5545   stm32f10x_gpio.o
        26          0          0          0          0       1130   stm32f10x_it.o
       932         44          0         20          0       8668   stm32f10x_rcc.o
      3610         88          0          0          0      22028   stm32f10x_tim.o
      1032         22          0          0          0       8268   stm32f10x_usart.o
        12          0          0          0          0        401   sys.o
       476         36          0         20          0       1587   system_stm32f10x.o
       356         58          0          4          0       1080   timer.o
       824        162          0          8        200       3355   usart.o
       472         76          0          0          0        762   voice.o

    ----------------------------------------------------------------------
     14470       1086        336        228       1752     341078   Object Totals
         0          0         32          0          0          0   (incl. Generated)
         4          0          0          0          0          0   (incl. Padding)

    ----------------------------------------------------------------------

      Code (inc. data)   RO Data    RW Data    ZI Data      Debug   Library Member Name

         8          0          0          0          0         68   __main.o
       104          0          0          0          0         84   __printf.o
        52          8          0          0          0          0   __scatter.o
        26          0          0          0          0          0   __scatter_copy.o
        28          0          0          0          0          0   __scatter_zi.o
        48          6          0          0          0         96   _printf_char_common.o
        36          4          0          0          0         80   _printf_char_file.o
         6          0          0          0          0          0   _printf_d.o
       120         18          0          0          0         92   _printf_dec.o
       184          0          0          0          0         88   _printf_intcommon.o
         0          0          0          0          0          0   _printf_percent.o
         4          0          0          0          0          0   _printf_percent_end.o
        12          0          0          0          0         72   exit.o
         8          0          0          0          0         68   ferror.o
         6          0          0          0          0        152   heapauxi.o
         2          0          0          0          0          0   libinit.o
         2          0          0          0          0          0   libinit2.o
         2          0          0          0          0          0   libshutdown.o
         2          0          0          0          0          0   libshutdown2.o
         8          4          0          0         96         68   libspace.o
        24          4          0          0          0         84   noretval__2printf.o
         0          0          0          0          0          0   rtentry.o
        12          0          0          0          0          0   rtentry2.o
         6          0          0          0          0          0   rtentry4.o
         2          0          0          0          0          0   rtexit.o
        10          0          0          0          0          0   rtexit2.o
        74          0          0          0          0         80   sys_stackheap_outer.o
         2          0          0          0          0         68   use_no_semi.o
         2          0          0          0          0         68   use_no_semi_2.o
        98          4          0          0          0         92   d2f.o
        94          4          0          0          0         92   dfix.o
        38          0          0          0          0         68   dflt_clz.o
       340         12          0          0          0        104   dmul.o
       156          4          0          0          0         92   dnaninf.o
        12          0          0          0          0         68   dretinf.o
        86          4          0          0          0         84   f2d.o
        24          0          0          0          0         68   fcmpi.o
       104          4          0          0          0         84   feqf.o
        54          4          0          0          0         84   ffix.o
        62          4          0          0          0         84   ffixu.o
        48          0          0          0          0         68   fflt_clz.o
       258          4          0          0          0         84   fmul.o
       140          4          0          0          0         84   fnaninf.o
        10          0          0          0          0         68   fretinf.o
         0          0          0          0          0          0   usenofp.o

    ----------------------------------------------------------------------
      2326         92          0          0        100       2392   Library Totals
        12          0          0          0          4          0   (incl. Padding)

    ----------------------------------------------------------------------

      Code (inc. data)   RO Data    RW Data    ZI Data      Debug   Library Name

       790         44          0          0         96       1168   c_w.l
      1524         48          0          0          0       1224   fz_ws.l

    ----------------------------------------------------------------------
      2326         92          0          0        100       2392   Library Totals

    ----------------------------------------------------------------------

==============================================================================


      Code (inc. data)   RO Data    RW Data    ZI Data      Debug   

     16796       1178        336        228       1852     340402   Grand Totals
     16796       1178        336        228       1852     340402   ELF Image Totals
     16796       1178        336        228          0          0   ROM Totals

==============================================================================

    Total RO  Size (Code + RO Data)                17132 (  16.73kB)
    Total RW  Size (RW Data + ZI Data)              2080 (   2.03kB)
    Total ROM Size (Code + RO Data + RW Data)      17360 (  16.95kB)

==============================================================================

